03-27 04:47:28.475  2180  2180 I SurfaceFlinger: [fab3839 ActivityRecordInputSink org.vitasuwayomi.app/.VitaSuwayomiActivity#66233] attach to parent LayerHierarchy{RequestedLayerState{ActivityRecord{117075935 u0 org.vitasuwayomi.app/.VitaSuwayomiActivity t6961}#66225 parentId=66224} 2 children}
03-27 04:47:28.491 31383 31383 D nativeloader: Load libframework-connectivity-tiramisu-jni.so using APEX ns com_android_tethering for caller /apex/com.android.tethering/javalib/framework-connectivity-t.jar: ok
03-27 04:47:28.513 24558 24726 I SCS@AiSearch user 0: (IndexManager) [UPDATE] index=com.samsung.android.apps, size=1, documents=[org.vitasuwayomi.app@0@org.vitasuwayomi.app.VitaSuwayomiActivity]
03-27 04:47:28.541  4997 16024 I HoneySpace.HistoryRepositoryImpl81826456@OneUI: [Add] true DisplayId: 0  item: [0], (#0,#-1,#1), item=id:-2 label:VitaSuwayomi componnet:org.vitasuwayomi.app/.VitaSuwayomiActivity#UserHandle{0} badgeCount:0  drag:false iconState:NONE, tasks=[[id=6961 windowingMode=1 user=0 lastActiveTime=253213341] null], [RecentApp], showRunningCue=false, isRunning=true, isMinimized=false, [6961]
03-27 04:47:28.547 31383 31383 D nativeloader: Configuring clns-9 for other apk /data/app/~~wh_51lCK06JcnTJ4bf4_cg==/org.vitasuwayomi.app-KUffgudcCtjny4Uh1tEaJg==/base.apk. target_sdk_version=34, uses_libraries=, library_path=/data/app/~~wh_51lCK06JcnTJ4bf4_cg==/org.vitasuwayomi.app-KUffgudcCtjny4Uh1tEaJg==/lib/arm64:/data/app/~~wh_51lCK06JcnTJ4bf4_cg==/org.vitasuwayomi.app-KUffgudcCtjny4Uh1tEaJg==/base.apk!/lib/arm64-v8a, permitted_path=/data:/mnt/expand:/data/user/0/org.vitasuwayomi.app
03-27 04:47:28.589  3031  7210 D InputDispatcher: Focused application(0): ActivityRecord{117075935 u0 org.vitasuwayomi.app/.VitaSuwayomiActivity t6961}
03-27 04:47:28.589  3031  7210 D ActivityTaskManager: scheduleTopResumedActivityChanged, onTop=true, r=ActivityRecord{117075935 u0 org.vitasuwayomi.app/.VitaSuwayomiActivity t6961}, caller=com.android.server.wm.ActivityTaskSupervisor.scheduleTopResumedActivityStateIfNeeded:18 com.android.server.wm.ActivityTaskSupervisor.updateTopResumedActivityIfNeeded:54 com.android.server.wm.TaskFragment.setResumedActivity:75 com.android.server.wm.ActivityRecord.setState:116 com.android.server.wm.ActivityTaskSupervisor.realStartActivityLocked:497 com.android.server.wm.RootWindowContainer.attachApplication:92 
03-27 04:47:28.596  4574  4574 I {OngoingActivityController}: onTaskFocusChanged focused:true, baseActivity:ComponentInfo{org.vitasuwayomi.app/org.vitasuwayomi.app.VitaSuwayomiActivity}
03-27 04:47:28.596  4574  4574 I {OngoingActivityDataHelper}: setBaseActivityComponentName:ComponentInfo{org.vitasuwayomi.app/org.vitasuwayomi.app.VitaSuwayomiActivity}
03-27 04:47:28.601  4574  4574 D {OngoingActivityDataHelper}: shouldHide() return false. baseActivityComponentName:ComponentInfo{org.vitasuwayomi.app/org.vitasuwayomi.app.VitaSuwayomiActivity}, intent.component:ComponentInfo{io.music_assistant.client/io.music_assistant.client.MainActivity}, basePackageName:org.vitasuwayomi.app, intent.creatorPackage:io.music_assistant.client, pipEnabledComponentNameList:[]
03-27 04:47:28.605  4997  4997 I HoneySpace.EdgePanel.EdgePanelContainerViewModel: cocktailHostRepository.edgePanelOperation NoteResumeComponent(componentName=ComponentInfo{org.vitasuwayomi.app/org.vitasuwayomi.app.VitaSuwayomiActivity})
03-27 04:47:28.605  4997  4997 I HoneySpace.EdgePanel.ActivityUtils: HomePackage : com.sec.android.app.launcher, resumePackageName : org.vitasuwayomi.app, className : org.vitasuwayomi.app.VitaSuwayomiActivity
03-27 04:47:28.606 31383 31383 D nativeloader: Load /data/app/~~wh_51lCK06JcnTJ4bf4_cg==/org.vitasuwayomi.app-KUffgudcCtjny4Uh1tEaJg==/lib/arm64/libcurl.so using class loader ns clns-9 (caller=/data/app/~~wh_51lCK06JcnTJ4bf4_cg==/org.vitasuwayomi.app-KUffgudcCtjny4Uh1tEaJg==/base.apk): ok
03-27 04:47:28.615 31383 31383 D nativeloader: Load /data/app/~~wh_51lCK06JcnTJ4bf4_cg==/org.vitasuwayomi.app-KUffgudcCtjny4Uh1tEaJg==/lib/arm64/libSDL2.so using class loader ns clns-9 (caller=/data/app/~~wh_51lCK06JcnTJ4bf4_cg==/org.vitasuwayomi.app-KUffgudcCtjny4Uh1tEaJg==/base.apk): ok
03-27 04:47:28.664 31383 31383 D nativeloader: Load /data/app/~~wh_51lCK06JcnTJ4bf4_cg==/org.vitasuwayomi.app-KUffgudcCtjny4Uh1tEaJg==/lib/arm64/libVitaSuwayomi.so using class loader ns clns-9 (caller=/data/app/~~wh_51lCK06JcnTJ4bf4_cg==/org.vitasuwayomi.app-KUffgudcCtjny4Uh1tEaJg==/base.apk): ok
03-27 04:47:28.666 31383 31383 V SDL     : nativeSetupJNI()
03-27 04:47:28.667  3031  4371 D MdnieScenarioControlService:  packageName : org.vitasuwayomi.app    className : org.vitasuwayomi.app.VitaSuwayomiActivity
03-27 04:47:28.668 31383 31383 V SDL     : AUDIO nativeSetupJNI()
03-27 04:47:28.668 31383 31383 V SDL     : CONTROLLER nativeSetupJNI()
03-27 04:47:28.717 31383 31383 I InsetsController: setRequestedVisibleTypes: visible=false, mask=statusBars captionBar, host=org.vitasuwayomi.app/org.vitasuwayomi.app.VitaSuwayomiActivity, from=android.view.InsetsController.controlAnimationUnchecked:1604 android.view.InsetsController.applyAnimation:2416 android.view.InsetsController.applyAnimation:2343 android.view.InsetsController.hide:1540 android.view.InsetsController.hide:1450 android.view.ViewRootImpl.controlInsetsForCompatibility:4170 android.view.ViewRootImpl.setView:1970 android.view.WindowManagerGlobal.addView:604 android.view.WindowManagerImpl.addView:158 android.app.ActivityThread.handleResumeActivity:6395 
03-27 04:47:28.718  2180  2939 I SurfaceFlinger: id=66236 createSurf, flag=84004, 9e84180 org.vitasuwayomi.app/org.vitasuwayomi.app.VitaSuwayomiActivity#66236
03-27 04:47:28.719 31383 31383 I InsetsController: onStateChanged: host=org.vitasuwayomi.app/org.vitasuwayomi.app.VitaSuwayomiActivity, from=android.view.ViewRootImpl.onInsetsStateChanged:3026, state=InsetsState: {mDisplayFrame=Rect(0, 0 - 1856, 2160), mDisplayCutout=DisplayCutout{insets=Rect(0, 0 - 0, 0) waterfall=Insets{left=0, top=0, right=0, bottom=0} boundingRect={Bounds=[Rect(0, 0 - 0, 0), Rect(0, 0 - 0, 0), Rect(0, 0 - 0, 0), Rect(0, 0 - 0, 0)]} cutoutPathParserInfo={CutoutPathParserInfo{displayWidth=0 displayHeight=0 physicalDisplayWidth=0 physicalDisplayHeight=0 density={0.0} cutoutSpec={} rotation={0} scale={0.0} physicalPixelDisplaySizeRatio={0.0}}} sideOverrides=null}, mRoundedCorners=RoundedCorners{[RoundedCorner{position=TopLeft, radius=13, center=Point(13, 13)}, RoundedCorner{position=TopRight, radius=13, center=Point(1843, 13)}, RoundedCorner{position=BottomRight, radius=13, center=Point(1843, 2147)}, RoundedCorner{position=BottomLeft, radius=13, center=Point(13, 2147)}]}  mRoundedCornerFrame=Rect(0, 0 - 1856, 2160), mPrivacyIndicatorBounds=PrivacyIndicatorBounds {static bounds=Rect(1740, 0 - 1856, 94) rotation=0}, mDisplayShape=DisplayShape{ spec=1406003047 displayWidth=1856 displayHeight=2160 physicalPixelDisplaySizeRatio=1.0 rotation=0 offsetX=0 offsetY=0 scale=1.0}, mSources= { InsetsSource: {ad180000 mType=statusBars mFrame=[0,0][1856,94] mVisible=true mFlags= mSideHint=TOP mBoundingRects=null}, InsetsSource: {ad180005 mType=mandatorySystemGestures mFrame=[0,0][1856,94] mVisible=true mFlags= mSideHint=TOP mBoundingRects=null}, InsetsSource: {ad180006 mType=tappableElement mFrame=[0,0][1856,94] mVisible=true mFlags= mSideHint=TOP mBoundingRects=null}, InsetsSource: {c56e0001 mType=navigationBars mFrame=[0,2034][1856,2160] mVisible=true mFlags= mSideHint=BOTTOM mBoundingRects=null}, InsetsSource: {c56e0004 mType=systemGestures mFrame=[0,0][0,0] mVisible=true mFlags= mSideHint=NONE mBoundingRects=null}, InsetsSource: {c56e0005 mType=mandatorySystemGestures mFrame=[0,2034][1856,2160] mVisible=true mFlags= mSideHint=BOTTOM mBoundingRects=null}, InsetsSource: {c56e0006 mType=tappableElement mFrame=[0,2034][1856,2160] mVisible=true mFlags= mSideHint=BOTTOM mBoundingRects=null}, InsetsSource: {c56e0024 mType=systemGestures mFrame=[0,0][0,0] mVisible=true mFlags= mSideHint=NONE mBoundingRects=null}, InsetsSource: {f13c0004 mType=systemGestures mFrame=[0,0][0,0] mVisible=false mFlags= mSideHint=NONE mBoundingRects=null}, InsetsSource: {f13c0005 mType=mandatorySystemGestures mFrame=[0,0][0,0] mVisible=false mFlags= mSideHint=NONE mBoundingRects=null}, InsetsSource: {f13c0006 mType=tappableElement mFrame=[0,0][0,0] mVisible=false mFlags= mSideHint=NONE mBoundingRects=null}, InsetsSource: {f13c0024 mType=systemGestures mFrame=[0,0][0,0] mVisible=false mFlags= mSideHint=NONE mBoundingRects=null}, InsetsSource: {3 mType=ime mFrame=[0,0][0,0] mVisible=false mFlags= mSideHint=NONE mBoundingRects=null} }
03-27 04:47:28.720 31383 31383 I VRI[VitaSuwayomiActivity]@7446d61: synced displayState. AttachInfo displayState=2
03-27 04:47:28.720 31383 31383 I VRI[VitaSuwayomiActivity]@7446d61: setView = com.android.internal.policy.DecorView@2797e9d IsHRR=false mFlingFrameRateChange=0 TM=true
03-27 04:47:28.724 31383 31383 I SV[45869811 VitaSuwayomiActivity]: onWindowVisibilityChanged(0) true android.view.SurfaceView{2bbeaf3 V.E...... ......I. 0,0-0,0} of VRI[VitaSuwayomiActivity]@7446d61
03-27 04:47:28.724 31383 31383 I SV[162137979 VitaSuwayomiActivity]: onWindowVisibilityChanged(0) true org.libsdl.app.SDLSurface{9aa077b VFE...... .F....I. 0,0-0,0} of VRI[VitaSuwayomiActivity]@7446d61
03-27 04:47:28.725  2180  2180 I SurfaceFlinger: [9e84180 org.vitasuwayomi.app/org.vitasuwayomi.app.VitaSuwayomiActivity#66236] attach to parent LayerHierarchy{RequestedLayerState{ActivityRecord{117075935 u0 org.vitasuwayomi.app/.VitaSuwayomiActivity t6961}#66225 parentId=66224} 3 children}
03-27 04:47:28.725 31383 31383 I InsetsController: setRequestedVisibleTypes: visible=true, mask=statusBars captionBar, host=org.vitasuwayomi.app/org.vitasuwayomi.app.VitaSuwayomiActivity, from=android.view.InsetsController.controlAnimationUnchecked:1604 android.view.InsetsController.applyAnimation:2416 android.view.InsetsController.applyAnimation:2343 android.view.InsetsController.show:1422 android.view.InsetsController.show:1335 android.view.ViewRootImpl.controlInsetsForCompatibility:4173 android.view.ViewRootImpl.performTraversals:4757 android.view.ViewRootImpl.doTraversal:3924 android.view.ViewRootImpl$TraversalRunnable.run:12903 android.view.Choreographer$CallbackRecord.run:1901 
03-27 04:47:28.726  3031  3056 I WindowManager: Relayout Window{9e84180 u0 org.vitasuwayomi.app/org.vitasuwayomi.app.VitaSuwayomiActivity}: viewVisibility=0 req=1856x2160 ty=1 d0
03-27 04:47:28.727  2180  2939 I SurfaceFlinger: id=66237 createSurf, flag=44004, org.vitasuwayomi.app/org.vitasuwayomi.app.VitaSuwayomiActivity$_31383#66237
03-27 04:47:28.727  3031  3056 D WindowManager: makeSurface duration=1 name=org.vitasuwayomi.app/org.vitasuwayomi.app.VitaSuwayomiActivity$_31383
03-27 04:47:28.727  3031  3056 D SurfaceComposerClient: setCornerRadius ## 9e84180 org.vitasuwayomi.app/org.vitasuwayomi.app.VitaSuwayomiActivity#66236 cornerRadius=0.000000
03-27 04:47:28.728  3031  3056 D SurfaceComposerClient: setCornerRadius ## 9e84180 org.vitasuwayomi.app/org.vitasuwayomi.app.VitaSuwayomiActivity#66236 cornerRadius=0.000000
03-27 04:47:28.728  3031  3056 D WindowManager: Changing focus from null to Window{9e84180 u0 org.vitasuwayomi.app/org.vitasuwayomi.app.VitaSuwayomiActivity} displayId=0 Callers=com.android.server.wm.WindowManagerService.relayoutWindow:1422 com.android.server.wm.Session.relayout:27 android.view.IWindowSession$Stub.onTransact:829 com.android.server.wm.Session.onTransact:1 
03-27 04:47:28.729  3031  3056 D InsetsSourceProvider: updateControlForTarget: control=InsetsSourceControl: {f13c0001 mType=navigationBars initiallyVisible mSurfacePosition=Point(0, 2250) mInsetsHint=Insets{left=0, top=0, right=0, bottom=126}}, target=Window{9e84180 u0 org.vitasuwayomi.app/org.vitasuwayomi.app.VitaSuwayomiActivity}, from=com.android.server.wm.InsetsStateController.onControlTargetChanged:83 com.android.server.wm.InsetsPolicy.updateBarControlTarget:225 com.android.server.wm.DisplayPolicy.updateSystemBarAttributes:262 com.android.server.wm.WindowManagerService.updateFocusedWindowLocked:372 com.android.server.wm.WindowManagerService.relayoutWindow:1422 
03-27 04:47:28.730  3031  3056 D InsetsSourceProvider: updateControlForTarget: control=InsetsSourceControl: {c56e0001 mType=navigationBars initiallyVisible mSurfacePosition=Point(0, 2034) mInsetsHint=Insets{left=0, top=0, right=0, bottom=126}}, target=Window{9e84180 u0 org.vitasuwayomi.app/org.vitasuwayomi.app.VitaSuwayomiActivity}, from=com.android.server.wm.InsetsStateController.onControlTargetChanged:83 com.android.server.wm.InsetsPolicy.updateBarControlTarget:225 com.android.server.wm.DisplayPolicy.updateSystemBarAttributes:262 com.android.server.wm.WindowManagerService.updateFocusedWindowLocked:372 com.android.server.wm.WindowManagerService.relayoutWindow:1422 
03-27 04:47:28.730  3031  3056 D InsetsSourceProvider: updateControlForTarget: control=InsetsSourceControl: {ad180000 mType=statusBars initiallyVisible mSurfacePosition=Point(0, 0) mInsetsHint=Insets{left=0, top=94, right=0, bottom=0}}, target=Window{9e84180 u0 org.vitasuwayomi.app/org.vitasuwayomi.app.VitaSuwayomiActivity}, from=com.android.server.wm.InsetsStateController.onControlTargetChanged:83 com.android.server.wm.InsetsPolicy.updateBarControlTarget:212 com.android.server.wm.DisplayPolicy.updateSystemBarAttributes:262 com.android.server.wm.WindowManagerService.updateFocusedWindowLocked:372 com.android.server.wm.WindowManagerService.relayoutWindow:1422 
03-27 04:47:28.731  3031  3056 D WindowManager: updateSystemBarAttributes: displayId=0, focusedCanBeNavColorWin=false, win=Window{9e84180 u0 org.vitasuwayomi.app/org.vitasuwayomi.app.VitaSuwayomiActivity}, navColorWin=Window{2eda1a9 u0 Splash Screen org.vitasuwayomi.app}, caller=com.android.server.wm.WindowManagerService.updateFocusedWindowLocked:372 com.android.server.wm.WindowManagerService.relayoutWindow:1422 com.android.server.wm.Session.relayout:27 
03-27 04:47:28.732  3031  3056 V SystemKeyManager: updateFocusedWindow() is called, org.vitasuwayomi.app/org.vitasuwayomi.app.VitaSuwayomiActivity
03-27 04:47:28.732  3031  5989 D CoreBackPreview: Window{9e84180 u0 org.vitasuwayomi.app/org.vitasuwayomi.app.VitaSuwayomiActivity}: Setting back callback OnBackInvokedCallbackInfo{mCallback=android.window.IOnBackInvokedCallback$Stub$Proxy@2fc80f1, mPriority=0, mIsAnimationCallback=false, mOverrideBehavior=0}
03-27 04:47:28.733  2180  2180 I SurfaceFlinger: RequestedLayer [9e84180 org.vitasuwayomi.app/org.vitasuwayomi.app.VitaSuwayomiActivity#66236] hidden!! flag  from(1) --> to(0)
03-27 04:47:28.733  2180  2180 I SurfaceFlinger: [org.vitasuwayomi.app/org.vitasuwayomi.app.VitaSuwayomiActivity$_31383#66237] attach to parent LayerHierarchy{RequestedLayerState{9e84180 org.vitasuwayomi.app/org.vitasuwayomi.app.VitaSuwayomiActivity#66236 parentId=66225} 1 children}
03-27 04:47:28.735 31383 31383 I BLASTBufferQueue_Java: new BLASTBufferQueue, mName= VRI[VitaSuwayomiActivity]@7446d61 mNativeObject= 0xb40000758c3492c0 caller= android.view.ViewRootImpl.updateBlastSurfaceIfNeeded:3585 android.view.ViewRootImpl.relayoutWindow:11685 android.view.ViewRootImpl.performTraversals:4804 android.view.ViewRootImpl.doTraversal:3924 android.view.ViewRootImpl$TraversalRunnable.run:12903 android.view.Choreographer$CallbackRecord.run:1901 android.view.Choreographer$CallbackRecord.run:1910 android.view.Choreographer.doCallbacks:1367 android.view.Choreographer.doFrame:1292 android.view.Choreographer$FrameDisplayEventReceiver.run:1870 
03-27 04:47:28.735 31383 31383 I BLASTBufferQueue_Java: update, w= 1856 h= 2160 mName = VRI[VitaSuwayomiActivity]@7446d61 mNativeObject= 0xb40000758c3492c0 sc.mNativeObject= 0xb40000741c324e50 format= -3 caller= android.view.ViewRootImpl.updateBlastSurfaceIfNeeded:3590 android.view.ViewRootImpl.relayoutWindow:11685 android.view.ViewRootImpl.performTraversals:4804 android.view.ViewRootImpl.doTraversal:3924 android.view.ViewRootImpl$TraversalRunnable.run:12903 android.view.Choreographer$CallbackRecord.run:1901 
03-27 04:47:28.736 31383 31383 I VRI[VitaSuwayomiActivity]@7446d61: Relayout returned: old=(0,0,1856,2160) new=(0,0,1856,2160) relayoutAsync=false req=(1856,2160)0 dur=9 res=0x3 s={true 0xb4000074ac33cf90} ch=true seqId=0
03-27 04:47:28.738 31383 31383 I VRI[VitaSuwayomiActivity]@7446d61: performConfigurationChange setNightDimText nightDimLevel=0
03-27 04:47:28.739 31383 31383 D VRI[VitaSuwayomiActivity]@7446d61: mThreadedRenderer.initialize() mSurface={isValid=true 0xb4000074ac33cf90} hwInitialized=true
03-27 04:47:28.739 31383 31383 I SV[45869811 VitaSuwayomiActivity]: windowStopped(false) true android.view.SurfaceView{2bbeaf3 V.E...... ......ID 0,0-1856,1940} of VRI[VitaSuwayomiActivity]@7446d61
03-27 04:47:28.739 31383 31383 I SV[162137979 VitaSuwayomiActivity]: windowStopped(false) true org.libsdl.app.SDLSurface{9aa077b VFE...... .F....ID 0,0-1856,1940} of VRI[VitaSuwayomiActivity]@7446d61
03-27 04:47:28.739 31383 31383 D VRI[VitaSuwayomiActivity]@7446d61: reportNextDraw android.view.ViewRootImpl.performTraversals:5443 android.view.ViewRootImpl.doTraversal:3924 android.view.ViewRootImpl$TraversalRunnable.run:12903 android.view.Choreographer$CallbackRecord.run:1901 android.view.Choreographer$CallbackRecord.run:1910 
03-27 04:47:28.740  2180  2310 I SurfaceFlinger: id=66241 createSurf, flag=20004, Bounds for - org.vitasuwayomi.app/org.vitasuwayomi.app.VitaSuwayomiActivity@0#66241
03-27 04:47:28.740  2180  2311 I SurfaceFlinger: id=66242 createSurf, flag=84004, 2bbeaf3 SurfaceView[org.vitasuwayomi.app/org.vitasuwayomi.app.VitaSuwayomiActivity]@0#66242
03-27 04:47:28.740  2180  4229 I SurfaceFlinger: id=66243 createSurf, flag=44400, 2bbeaf3 SurfaceView[org.vitasuwayomi.app/org.vitasuwayomi.app.VitaSuwayomiActivity]@0(BLAST)#66243
03-27 04:47:28.740  2180  4229 I SurfaceFlinger: id=66244 createSurf, flag=20404, Background for 2bbeaf3 SurfaceView[org.vitasuwayomi.app/org.vitasuwayomi.app.VitaSuwayomiActivity]@0#66244
03-27 04:47:28.742  2180  2180 I SurfaceFlinger: [Bounds for - org.vitasuwayomi.app/org.vitasuwayomi.app.VitaSuwayomiActivity@0#66241] attach to parent LayerHierarchy{RequestedLayerState{org.vitasuwayomi.app/org.vitasuwayomi.app.VitaSuwayomiActivity$_31383#66237 parentId=66236} 1 children}
03-27 04:47:28.742  2180  2180 I SurfaceFlinger: [2bbeaf3 SurfaceView[org.vitasuwayomi.app/org.vitasuwayomi.app.VitaSuwayomiActivity]@0#66242] attach to parent LayerHierarchy{RequestedLayerState{Bounds for - org.vitasuwayomi.app/org.vitasuwayomi.app.VitaSuwayomiActivity@0#66241 parentId=66237} 1 children}
03-27 04:47:28.742  2180  2180 I SurfaceFlinger: [2bbeaf3 SurfaceView[org.vitasuwayomi.app/org.vitasuwayomi.app.VitaSuwayomiActivity]@0(BLAST)#66243] attach to parent LayerHierarchy{RequestedLayerState{2bbeaf3 SurfaceView[org.vitasuwayomi.app/org.vitasuwayomi.app.VitaSuwayomiActivity]@0#66242 parentId=66241} 1 children}
03-27 04:47:28.742  2180  2180 I SurfaceFlinger: [Background for 2bbeaf3 SurfaceView[org.vitasuwayomi.app/org.vitasuwayomi.app.VitaSuwayomiActivity]@0#66244] attach to parent LayerHierarchy{RequestedLayerState{2bbeaf3 SurfaceView[org.vitasuwayomi.app/org.vitasuwayomi.app.VitaSuwayomiActivity]@0#66242 parentId=66241} 2 children}
03-27 04:47:28.747  2180  2843 D SurfaceFlinger: [input] setFocusedWindow: 9e84180 org.vitasuwayomi.app/org.vitasuwayomi.app.VitaSuwayomiActivity
03-27 04:47:28.747  3031  4090 D InputDispatcher: Once focus requested (0): 9e84180 org.vitasuwayomi.app/org.vitasuwayomi.app.VitaSuwayomiActivity
03-27 04:47:28.747  3031  4090 D InputDispatcher: Focus request (0): 9e84180 org.vitasuwayomi.app/org.vitasuwayomi.app.VitaSuwayomiActivity but waiting because NOT_VISIBLE
03-27 04:47:28.753 31383 31383 I BLASTBufferQueue_Java: new BLASTBufferQueue, mName= 2bbeaf3 SurfaceView[org.vitasuwayomi.app/org.vitasuwayomi.app.VitaSuwayomiActivity]@0 mNativeObject= 0xb40000758c346290 caller= android.view.SurfaceView.createBlastSurfaceControls:1781 android.view.SurfaceView.updateSurface:1450 android.view.SurfaceView.lambda$new$0:280 android.view.SurfaceView.$r8$lambda$NfZyM_TG8F8lqzaOVZ7noREFjzU:0 android.view.SurfaceView$$ExternalSyntheticLambda1.onPreDraw:0 android.view.ViewTreeObserver.dispatchOnPreDraw:1229 android.view.ViewRootImpl.performTraversals:5448 android.view.ViewRootImpl.doTraversal:3924 android.view.ViewRootImpl$TraversalRunnable.run:12903 android.view.Choreographer$CallbackRecord.run:1901 
03-27 04:47:28.753 31383 31383 I BLASTBufferQueue_Java: update, w= 1856 h= 1940 mName = 2bbeaf3 SurfaceView[org.vitasuwayomi.app/org.vitasuwayomi.app.VitaSuwayomiActivity]@0 mNativeObject= 0xb40000758c346290 sc.mNativeObject= 0xb40000741c327f10 format= 4 caller= android.view.SurfaceView.createBlastSurfaceControls:1782 android.view.SurfaceView.updateSurface:1450 android.view.SurfaceView.lambda$new$0:280 android.view.SurfaceView.$r8$lambda$NfZyM_TG8F8lqzaOVZ7noREFjzU:0 android.view.SurfaceView$$ExternalSyntheticLambda1.onPreDraw:0 android.view.ViewTreeObserver.dispatchOnPreDraw:1229 
03-27 04:47:28.754 31383 31383 D SurfaceComposerClient: setCornerRadius ## 2bbeaf3 SurfaceView[org.vitasuwayomi.app/org.vitasuwayomi.app.VitaSuwayomiActivity]@0#66242 cornerRadius=0.000000
03-27 04:47:28.754 31383 31383 I SV[45869811 VitaSuwayomiActivity]: pST: sr = Rect(0, 94 - 1856, 2034) sw = 1856 sh = 1940
03-27 04:47:28.755 31383 31383 I SV[45869811 VitaSuwayomiActivity]: updateSurface: mVisible = true mSurface.isValid() = true
03-27 04:47:28.755 31383 31383 I SV[45869811 VitaSuwayomiActivity]: updateSurface: mSurfaceCreated = false surfaceChanged = true visibleChanged = true
03-27 04:47:28.755 31383 31383 I SV[45869811 VitaSuwayomiActivity]: surfaceCreated 0 #8 android.view.SurfaceView{2bbeaf3 V.E...... ......ID 0,0-1856,1940}
03-27 04:47:28.755 31383 31383 I SV[45869811 VitaSuwayomiActivity]: surfaceChanged (1856,1940) 0 #8 android.view.SurfaceView{2bbeaf3 V.E...... ......ID 0,0-1856,1940}
03-27 04:47:28.756  2180  2311 I SurfaceFlinger: id=66245 createSurf, flag=84004, 9aa077b SurfaceView[org.vitasuwayomi.app/org.vitasuwayomi.app.VitaSuwayomiActivity]@0#66245
03-27 04:47:28.756  2180  4229 I SurfaceFlinger: id=66246 createSurf, flag=44000, 9aa077b SurfaceView[org.vitasuwayomi.app/org.vitasuwayomi.app.VitaSuwayomiActivity]@0(BLAST)#66246
03-27 04:47:28.756  2180  4229 I SurfaceFlinger: id=66247 createSurf, flag=20404, Background for 9aa077b SurfaceView[org.vitasuwayomi.app/org.vitasuwayomi.app.VitaSuwayomiActivity]@0#66247
03-27 04:47:28.757 31383 31383 I BLASTBufferQueue_Java: new BLASTBufferQueue, mName= 9aa077b SurfaceView[org.vitasuwayomi.app/org.vitasuwayomi.app.VitaSuwayomiActivity]@0 mNativeObject= 0xb40000758c34d300 caller= android.view.SurfaceView.createBlastSurfaceControls:1781 android.view.SurfaceView.updateSurface:1450 android.view.SurfaceView.lambda$new$0:280 android.view.SurfaceView.$r8$lambda$NfZyM_TG8F8lqzaOVZ7noREFjzU:0 android.view.SurfaceView$$ExternalSyntheticLambda1.onPreDraw:0 android.view.ViewTreeObserver.dispatchOnPreDraw:1229 android.view.ViewRootImpl.performTraversals:5448 android.view.ViewRootImpl.doTraversal:3924 android.view.ViewRootImpl$TraversalRunnable.run:12903 android.view.Choreographer$CallbackRecord.run:1901 
03-27 04:47:28.757 31383 31383 I BLASTBufferQueue_Java: update, w= 1856 h= 1940 mName = 9aa077b SurfaceView[org.vitasuwayomi.app/org.vitasuwayomi.app.VitaSuwayomiActivity]@0 mNativeObject= 0xb40000758c34d300 sc.mNativeObject= 0xb40000741c326dd0 format= 1 caller= android.view.SurfaceView.createBlastSurfaceControls:1782 android.view.SurfaceView.updateSurface:1450 android.view.SurfaceView.lambda$new$0:280 android.view.SurfaceView.$r8$lambda$NfZyM_TG8F8lqzaOVZ7noREFjzU:0 android.view.SurfaceView$$ExternalSyntheticLambda1.onPreDraw:0 android.view.ViewTreeObserver.dispatchOnPreDraw:1229 
03-27 04:47:28.757 31383 31383 D SurfaceComposerClient: setCornerRadius ## 9aa077b SurfaceView[org.vitasuwayomi.app/org.vitasuwayomi.app.VitaSuwayomiActivity]@0#66245 cornerRadius=0.000000
03-27 04:47:28.757 31383 31383 I SV[162137979 VitaSuwayomiActivity]: pST: sr = Rect(0, 94 - 1856, 2034) sw = 1856 sh = 1940
03-27 04:47:28.757 31383 31383 I SV[162137979 VitaSuwayomiActivity]: updateSurface: mVisible = true mSurface.isValid() = true
03-27 04:47:28.757 31383 31383 I SV[162137979 VitaSuwayomiActivity]: updateSurface: mSurfaceCreated = false surfaceChanged = true visibleChanged = true
03-27 04:47:28.758 31383 31383 I SV[162137979 VitaSuwayomiActivity]: surfaceCreated 1 #8 org.libsdl.app.SDLSurface{9aa077b VFE...... .F....ID 0,0-1856,1940}
03-27 04:47:28.758 31383 31383 I SV[162137979 VitaSuwayomiActivity]: surfaceChanged (1856,1940) 1 #8 org.libsdl.app.SDLSurface{9aa077b VFE...... .F....ID 0,0-1856,1940}
03-27 04:47:28.758  2180  2180 I SurfaceFlinger: [9aa077b SurfaceView[org.vitasuwayomi.app/org.vitasuwayomi.app.VitaSuwayomiActivity]@0#66245] attach to parent LayerHierarchy{RequestedLayerState{Bounds for - org.vitasuwayomi.app/org.vitasuwayomi.app.VitaSuwayomiActivity@0#66241 parentId=66237} 2 children}
03-27 04:47:28.758  2180  2180 I SurfaceFlinger: [9aa077b SurfaceView[org.vitasuwayomi.app/org.vitasuwayomi.app.VitaSuwayomiActivity]@0(BLAST)#66246] attach to parent LayerHierarchy{RequestedLayerState{9aa077b SurfaceView[org.vitasuwayomi.app/org.vitasuwayomi.app.VitaSuwayomiActivity]@0#66245 parentId=66241} 1 children}
03-27 04:47:28.758  2180  2180 I SurfaceFlinger: [Background for 9aa077b SurfaceView[org.vitasuwayomi.app/org.vitasuwayomi.app.VitaSuwayomiActivity]@0#66247] attach to parent LayerHierarchy{RequestedLayerState{9aa077b SurfaceView[org.vitasuwayomi.app/org.vitasuwayomi.app.VitaSuwayomiActivity]@0#66245 parentId=66241} 2 children}
03-27 04:47:28.774 31383 31383 D VRI[VitaSuwayomiActivity]@7446d61: Setup new sync=wmsSync-VRI[VitaSuwayomiActivity]@7446d61#2
03-27 04:47:28.774 31383 31383 I VRI[VitaSuwayomiActivity]@7446d61: Creating new active sync group VRI[VitaSuwayomiActivity]@7446d61#3
03-27 04:47:28.774 31383 31408 V SDL     : Running main function SDL_main from library /data/app/~~wh_51lCK06JcnTJ4bf4_cg==/org.vitasuwayomi.app-KUffgudcCtjny4Uh1tEaJg==/lib/arm64/libVitaSuwayomi.so
03-27 04:47:28.774 31383 31408 V SDL     : nativeRunMain()
03-27 04:47:28.777 31383 31408 E SDL     : nativeRunMain(): Couldn't find function SDL_main in library /data/app/~~wh_51lCK06JcnTJ4bf4_cg==/org.vitasuwayomi.app-KUffgudcCtjny4Uh1tEaJg==/lib/arm64/libVitaSuwayomi.so
03-27 04:47:28.777 31383 31383 D VRI[VitaSuwayomiActivity]@7446d61: registerCallbacksForSync syncBuffer=false
03-27 04:47:28.778 31383 31398 I SV[45869811 VitaSuwayomiActivity]: uSP: rtp = Rect(0, 94 - 1856, 2034) rtsw = 1856 rtsh = 1940
03-27 04:47:28.778 31383 31398 I SV[45869811 VitaSuwayomiActivity]: onSSPAndSRT: pl = 0 pt = 94 sx = 1.0 sy = 1.0
03-27 04:47:28.778 31383 31398 I SV[45869811 VitaSuwayomiActivity]: aOrMT: VRI[VitaSuwayomiActivity]@7446d61 t = android.view.SurfaceControl$Transaction@5b703f8 fN = 1 android.view.SurfaceView.-$$Nest$mapplyOrMergeTransaction:0 android.view.SurfaceView$SurfaceViewPositionUpdateListener.positionChanged:1932 android.graphics.RenderNode$CompositePositionUpdateListener.positionChanged:401 
03-27 04:47:28.778 31383 31398 I VRI[VitaSuwayomiActivity]@7446d61: mWNT: t=0xb40000752c346850 mBlastBufferQueue=0xb40000758c3492c0 fn= 1 HdrRenderState mRenderHdrSdrRatio=1.0 caller= android.view.SurfaceView.applyOrMergeTransaction:1863 android.view.SurfaceView.-$$Nest$mapplyOrMergeTransaction:0 android.view.SurfaceView$SurfaceViewPositionUpdateListener.positionChanged:1932 
03-27 04:47:28.778 31383 31398 I SV[162137979 VitaSuwayomiActivity]: uSP: rtp = Rect(0, 94 - 1856, 2034) rtsw = 1856 rtsh = 1940
03-27 04:47:28.778 31383 31398 I SV[162137979 VitaSuwayomiActivity]: onSSPAndSRT: pl = 0 pt = 94 sx = 1.0 sy = 1.0
03-27 04:47:28.779 31383 31398 I SV[162137979 VitaSuwayomiActivity]: aOrMT: VRI[VitaSuwayomiActivity]@7446d61 t = android.view.SurfaceControl$Transaction@bf270d1 fN = 1 android.view.SurfaceView.-$$Nest$mapplyOrMergeTransaction:0 android.view.SurfaceView$SurfaceViewPositionUpdateListener.positionChanged:1932 android.graphics.RenderNode$CompositePositionUpdateListener.positionChanged:401 
03-27 04:47:28.779 31383 31398 I VRI[VitaSuwayomiActivity]@7446d61: mWNT: t=0xb40000752c3456d0 mBlastBufferQueue=0xb40000758c3492c0 fn= 1 HdrRenderState mRenderHdrSdrRatio=1.0 caller= android.view.SurfaceView.applyOrMergeTransaction:1863 android.view.SurfaceView.-$$Nest$mapplyOrMergeTransaction:0 android.view.SurfaceView$SurfaceViewPositionUpdateListener.positionChanged:1932 
03-27 04:47:28.779 31383 31403 D VRI[VitaSuwayomiActivity]@7446d61: Received frameDrawingCallback syncResult=0 frameNum=1.
03-27 04:47:28.779 31383 31403 I VRI[VitaSuwayomiActivity]@7446d61: mWNT: t=0xb40000752c347650 mBlastBufferQueue=0xb40000758c3492c0 fn= 1 HdrRenderState mRenderHdrSdrRatio=1.0 caller= android.view.ViewRootImpl$12.onFrameDraw:15441 android.view.ThreadedRenderer$1.onFrameDraw:718 <bottom of call stack> 
03-27 04:47:28.779 31383 31403 I VRI[VitaSuwayomiActivity]@7446d61: Setting up sync and frameCommitCallback
03-27 04:47:28.785  3031  3056 D WindowManager: prepareSync <SYNC_STATE_WAITING_FOR_DRAW>, mPrepareSyncSeqId=0, win=Window{9e84180 u0 org.vitasuwayomi.app/org.vitasuwayomi.app.VitaSuwayomiActivity}
03-27 04:47:28.785  4574  4626 V WindowManagerShell: Transition requested (#4054): android.os.BinderProxy@658f592 TransitionRequestInfo { type = CLOSE, triggerTask = TaskInfo{userId=0 taskId=6961 effectiveUid=10657 displayId=0 isRunning=false baseIntent=Intent { act=android.intent.action.MAIN cat=[android.intent.category.LAUNCHER] flg=0x10200000 cmp=org.vitasuwayomi.app/.VitaSuwayomiActivity } baseActivity=null topActivity=null origActivity=null realActivity=ComponentInfo{org.vitasuwayomi.app/org.vitasuwayomi.app.VitaSuwayomiActivity} numActivities=0 lastActiveTime=253213532 supportsMultiWindow=true resizeMode=1 isResizeable=true minWidth=-1 minHeight=-1 maxWidth=-1 maxHeight=-1 defaultMinSize=220 desktopDefaultMinSize=304 token=WCT{android.window.IWindowContainerToken$Stub$Proxy@f9f3b63} topActivityType=1 pictureInPictureParams=null shouldDockBigOverlays=false launchIntoPipHostTaskId=-1 lastParentTaskIdBeforePip=-1 displayCutoutSafeInsets=Rect(0, 0 - 0, 0) topActivityInfo=null launchCookies=[android.os.BinderProxy@2be8c28] positionInParent=Point(0, 0) parentTaskId=-1 isFocused=true isVisible=true isVisibleRequested=true isTopActivityNoDisplay=false isSleeping=false locusId=null displayAreaFeatureId=1 isTopActivityTransparent=false isActivityStackTransparent=true lastNonFullscreenBounds=Rect(511, 578 - 1346, 1550) capturedLink=null capturedLinkTimestamp=0 requestedVisibleTypes=-9 topActivityRequestOpenInBrowserEducationTimestamp=0 appCompatTaskInfo=AppCompatTaskInfo { topActivityInSizeCompat=false eligibleForLetterboxEducation= false isLetterboxEducationEnabled= false isLetterboxDoubleTapEnabled= false eligibleForUserAspectRatioButton= false topActivityBoundsLetterboxed= false isFromLetterboxDoubleTap= false topActivityLetterboxVerticalPosition= -1 topActivityLetterboxHorizontalPosition= -1 topActivityLetterboxWidth=-1 topActivityLetterboxHeight=-1 topActivityAppBounds=Rect(0, 0 - 0, 0) isUserFullscreenOverrideEnabled=false isSystemFullscreenOverrideEnabled=false hasMinAspectRatioOverride=false topActivityLetterboxBounds=null cameraCompatTaskInfo=CameraCompatTaskInfo { freeformCameraCompatMode=undefined} topActivityBounds=null topActivityInDisplayCompat=false singleTapFromLetterbox=false} topActivityMainWindowFrame=null originallySupportedMultiWindow=true hasWallpaper=false rootAffinity=10657:org.vitasuwayomi.app isTopTaskInStage=false CoverLauncherWidgetTask=false LaunchedFromAppsCoverLauncherTask=false LaunchedFromMultistarCoverLauncherTask=false isAllowedSeamlessRotation=false isTopTransparentActivity=true isAliasManaged=false hasConfigChanged=false snappingGuideBounds=null isAiKeyRemoveAppTask=false lastDesktopWindowingBounds=null lastExternalDesktopWindowingBounds=null isTopFullScreenWindow=true isFullSizeWindow=true safeCutoutInsets=Rect(-100000, 84 - 100000, 100000)}, pipChange = null, remoteTransition = null, displayChange = null, flags = 0, debugId = 4054 }
03-27 04:47:28.785  3031  3056 D ActivityTaskManager: scheduleTopResumedActivityChanged, onTop=false, r=ActivityRecord{117075935 u0 org.vitasuwayomi.app/.VitaSuwayomiActivity t6961 f}}, caller=com.android.server.wm.ActivityTaskSupervisor.scheduleTopResumedActivityStateLossIfNeeded:19 com.android.server.wm.ActivityTaskSupervisor.updateTopResumedActivityIfNeeded:20 com.android.server.wm.TaskDisplayArea.positionChildAt:252 com.android.server.wm.WindowContainer.positionChildAt:84 com.android.server.wm.Task.positionChildAt:19 com.android.server.wm.Task.moveToFront:40 
03-27 04:47:28.785  3031  3056 V WindowManager: Collecting in transition 4054: ActivityRecord{117075935 u0 org.vitasuwayomi.app/.VitaSuwayomiActivity t6961 f}}, caller=com.android.server.wm.TransitionController.collect:7 com.android.server.wm.ActivityRecord.setVisibility:132 com.android.server.wm.ActivityRecord.finishIfPossible:130 com.android.server.wm.ActivityClientController.finishActivity:268 android.app.IActivityClientController$Stub.onTransact:840 
03-27 04:47:28.787  3031  3056 D WindowManager: updateSystemBarAttributes: displayId=0, focusedCanBeNavColorWin=false, win=Window{9e84180 u0 org.vitasuwayomi.app/org.vitasuwayomi.app.VitaSuwayomiActivity}, navColorWin=Window{381bc69 u0 com.sec.android.app.launcher/com.sec.android.app.launcher.activities.LauncherActivity}, caller=com.android.server.wm.DisplayPolicy.finishPostLayoutPolicyLw:17 com.android.server.wm.RootWindowContainer.applySurfaceChangesTransaction$1:195 com.android.server.wm.RootWindowContainer.performSurfacePlacementNoTrace:86 
03-27 04:47:28.818  4997 10425 I HoneySpace.HistoryRepositoryImpl81826456@OneUI: [Add] true DisplayId: 0  item: [0], (#0,#-1,#1), item=id:-2 label:VitaSuwayomi componnet:org.vitasuwayomi.app/.VitaSuwayomiActivity#UserHandle{0} badgeCount:0  drag:false iconState:NONE, tasks=[[id=6961 windowingMode=1 user=0 lastActiveTime=253213736] null], [RecentApp], showRunningCue=false, isRunning=false, isMinimized=false, [6961]
03-27 04:47:28.828 31383 31398 I BLASTBufferQueue: [VRI[VitaSuwayomiActivity]@7446d61#0](f:0,a:0,s:0) onFrameAvailable the first frame is available
03-27 04:47:28.828 31383 31398 I VRI[VitaSuwayomiActivity]@7446d61: Received frameCommittedCallback lastAttemptedDrawFrameNum=1 didProduceBuffer=true
03-27 04:47:28.828  2180  2310 I SurfaceFlinger: [org.vitasuwayomi.app/org.vitasuwayomi.app.VitaSuwayomiActivity$_31383#66237] setTransactionState with the first frame. bufferData(ID: 134788958650368, frameNumber: 1)
03-27 04:47:28.829 31383 31383 D VRI[VitaSuwayomiActivity]@7446d61: reportDrawFinished seqId=0
03-27 04:47:28.829  3031  4090 D WindowManager: finishDrawingWindow: Window{9e84180 u0 org.vitasuwayomi.app/org.vitasuwayomi.app.VitaSuwayomiActivity} mDrawState=DRAW_PENDING seqId=0
03-27 04:47:28.829 31383 31383 I InsetsSourceConsumer: applyRequestedVisibilityToControl: visible=true, type=navigationBars, host=org.vitasuwayomi.app/org.vitasuwayomi.app.VitaSuwayomiActivity
03-27 04:47:28.830 31383 31383 I InsetsSourceConsumer: applyRequestedVisibilityToControl: visible=true, type=statusBars, host=org.vitasuwayomi.app/org.vitasuwayomi.app.VitaSuwayomiActivity
03-27 04:47:28.830  3031  3124 V WindowManager: Finish starting ActivityRecord{117075935 u0 org.vitasuwayomi.app/.VitaSuwayomiActivity t6961 f}}: first real window is shown, no animation
03-27 04:47:28.831  3031  3124 V WindowManager: performShowLocked: mDrawState=HAS_DRAWN in Window{9e84180 u0 org.vitasuwayomi.app/org.vitasuwayomi.app.VitaSuwayomiActivity}
03-27 04:47:28.833  2180  2180 I SurfaceFlinger: RequestedLayer [2bbeaf3 SurfaceView[org.vitasuwayomi[...]mi.app.VitaSuwayomiActivity]@0#66242] hidden!! flag  from(1) --> to(0)
03-27 04:47:28.833  2180  2180 I SurfaceFlinger: RequestedLayer [9aa077b SurfaceView[org.vitasuwayomi[...]mi.app.VitaSuwayomiActivity]@0#66245] hidden!! flag  from(1) --> to(0)
03-27 04:47:28.833  2180  2180 I SurfaceFlinger: RequestedLayer [Bounds for - org.vitasuwayomi.app/or[...]omi.app.VitaSuwayomiActivity@0#66241] hidden!! flag  from(1) --> to(0)
03-27 04:47:28.833  2180  2180 I SurfaceFlinger: RequestedLayer [Background for 2bbeaf3 SurfaceView[o[...]mi.app.VitaSuwayomiActivity]@0#66244] hidden!! flag  from(1) --> to(0)
03-27 04:47:28.833  2180  2180 I SurfaceFlinger: [LayerHierarchy{RequestedLayerState{Background for 2bbeaf3 SurfaceView[org.vitasuwayomi.app/org.vitasuwayomi.app.VitaSuwayomiActivity]@0#66244 parentId=66242 relativeParentId=66237 z=-2147483648} no children}] RelativeParent to LayerHierarchy{RequestedLayerState{org.vitasuwayomi.app/org.vitasuwayomi.app.VitaSuwayomiActivity$_31383#66237 parentId=66236} 2 children}
03-27 04:47:28.833  2180  2180 I SurfaceFlinger: [LayerHierarchy{RequestedLayerState{2bbeaf3 SurfaceView[org.vitasuwayomi.app/org.vitasuwayomi.app.VitaSuwayomiActivity]@0#66242 parentId=66241 relativeParentId=66237 z=-2} 2 children}] RelativeParent to LayerHierarchy{RequestedLayerState{org.vitasuwayomi.app/org.vitasuwayomi.app.VitaSuwayomiActivity$_31383#66237 parentId=66236} 3 children}
03-27 04:47:28.833  2180  2180 I SurfaceFlinger: [LayerHierarchy{RequestedLayerState{9aa077b SurfaceView[org.vitasuwayomi.app/org.vitasuwayomi.app.VitaSuwayomiActivity]@0#66245 parentId=66241 relativeParentId=66237 z=1} 2 children}] RelativeParent to LayerHierarchy{RequestedLayerState{org.vitasuwayomi.app/org.vitasuwayomi.app.VitaSuwayomiActivity$_31383#66237 parentId=66236} 4 children}
03-27 04:47:28.833  2180  2180 I SurfaceFlinger: [LayerHierarchy{RequestedLayerState{Background for 9aa077b SurfaceView[org.vitasuwayomi.app/org.vitasuwayomi.app.VitaSuwayomiActivity]@0#66247 parentId=66245 relativeParentId=66237 z=-2147483648} no children}] RelativeParent to LayerHierarchy{RequestedLayerState{org.vitasuwayomi.app/org.vitasuwayomi.app.VitaSuwayomiActivity$_31383#66237 parentId=66236} 5 children}
03-27 04:47:28.844  3031  3123 D DisplayManagerService: [api] setScreenBrightnessOverrideFromWindowManager: id:0, br:47(0.18) tag:org.vitasuwayomi.app/org.vitasuwayomi.app.VitaSuwayomiActivity pkg:org.vitasuwayomi.app
03-27 04:47:28.845  4997 10425 I HoneySpace.HistoryViewModel@83843682@OneUI: loadItem(TASKBAR) : recentApp=id:-1095 label:VitaSuwayomi componnet:org.vitasuwayomi.app/.VitaSuwayomiActivity#UserHandle{0} badgeCount:0  drag:false iconState:NONE, deskId:-1, taskInfo=[[id=6961 windowingMode=1 user=0 lastActiveTime=253213736] null], isRunning=false, isMinimized=false, [6961]
03-27 04:47:28.849  3031  5375 D WindowManager: Changing focus from Window{9e84180 u0 org.vitasuwayomi.app/org.vitasuwayomi.app.VitaSuwayomiActivity} to Window{381bc69 u0 com.sec.android.app.launcher/com.sec.android.app.launcher.activities.LauncherActivity} displayId=0 Callers=com.android.server.wm.ActivityTaskManagerService.setLastResumedActivityUncheckLocked:264 com.android.server.wm.ActivityTaskSupervisor.updateTopResumedActivityIfNeeded:51 com.android.server.wm.TaskFragment.setResumedActivity:75 com.android.server.wm.ActivityRecord.setState:116 
03-27 04:47:28.851  4997  4997 I HoneySpace.HistoryAdapter: setItems: 2, [[0], (#0,#-1,#1), item=id:-1095 label:VitaSuwayomi componnet:org.vitasuwayomi.app/.VitaSuwayomiActivity#UserHandle{0} badgeCount:0  drag:false iconState:NONE, tasks=[[id=6961 windowingMode=1 user=0 lastActiveTime=253213736] null], [RecentApp], showRunningCue=false, isRunning=false, isMinimized=false, [6961], [1], (#0,#-1,#1), item=id:-1029 label:My Files componnet:com.sec.android.app.myfiles/.ui.MainActivity#UserHandle{0} badgeCount:0  drag:false iconState:NONE, tasks=[[id=6950 windowingMode=1 user=0 lastActiveTime=253210440] null], [RecentApp], showRunningCue=false, isRunning=true, isMinimized=false, [6950]]
03-27 04:47:28.851  4997  4997 I HoneySpace.HoneyFactoryImpl: create honeyInfo=HoneyInfo(parentHoney=A4.l1@f0c2a14, packageName=null, type=appicon), honeyData=HoneyData(id=-1095, data=[app, id:-1095 label:VitaSuwayomi componnet:org.vitasuwayomi.app/.VitaSuwayomiActivity#UserHandle{0} badgeCount:0  drag:false iconState:NONE], bundleData=null, savedState=null), context=android.view.ContextThemeWrapper@751ce96
03-27 04:47:28.851  4997  4997 I HoneySpace.DefaultPlugin: createHoney honeyInfo=HoneyInfo(parentHoney=A4.l1@f0c2a14, packageName=null, type=appicon) honeyData=HoneyData(id=-1095, data=[app, id:-1095 label:VitaSuwayomi componnet:org.vitasuwayomi.app/.VitaSuwayomiActivity#UserHandle{0} badgeCount:0  drag:false iconState:NONE], bundleData=null, savedState=null) context=android.view.ContextThemeWrapper@751ce96
03-27 04:47:28.857  2180  2180 I SurfaceFlinger: RequestedLayer [org.vitasuwayomi.app/org.vitasuwayomi.app.VitaSuwayomiActivity$_31383#66237] hidden!! flag  from(1) --> to(0)
03-27 04:47:28.863  2180  2180 D SurfaceFlinger:        CLIENT |                        0 | 00000002 | N/A          |    0.0    0.0    0.0    0.0 |   98   10 2016 1842 | Background for 2bbeaf3 SurfaceView[o[...]mi.app.VitaSuwayomiActivity]@0#66244 (0)
03-27 04:47:28.863  2180  2180 D SurfaceFlinger:        CLIENT |          134788958650368 | 00002100 | RGBA_8888    |    1.0    2.0 2158.0 1856.0 |    7   10 2138 1842 | org.vitasuwayomi.app/org.vitasuwayomi.app.VitaSuwayomiActivity$_31383#66237 (1)
03-27 04:47:28.864  3031  5375 D ChangeTransitionController:    ChangeInfo{d46b9e3 container=ActivityRecord{117075935 u0 org.vitasuwayomi.app/.VitaSuwayomiActivity t6961 f}} flags=0x0}
03-27 04:47:28.864  3031  5375 V WindowManager: Start calculating TransitionInfo based on participants: {WallpaperWindowToken{2ebe8af showWhenLocked=true}_<lock|primary>, Task{46d5291 #6613 type=home I=com.sec.android.app.launcher/.activities.LauncherActivity}, Task{67ec54b #1 type=home}, ActivityRecord{117075935 u0 org.vitasuwayomi.app/.VitaSuwayomiActivity t6961 f}}, Task{c31c42c #6961 type=standard A=10657:org.vitasuwayomi.app}, ActivityRecord{254629048 u0 com.sec.android.app.launcher/.activities.LauncherActivity t6613}}
03-27 04:47:28.876  2180  2310 I SurfaceFlinger: Capture layer list: 	 Background for 2bbeaf3 SurfaceView[org.vitasuwayomi.app/org.vitasuwayomi.app.VitaSuwayomiActivity]@0#66244(seamlessTransition:0)
03-27 04:47:28.876  2180  2310 I SurfaceFlinger: Capture layer list: 	 org.vitasuwayomi.app/org.vitasuwayomi.app.VitaSuwayomiActivity$_31383#66237(seamlessTransition:0)
03-27 04:47:28.877  2180  2352 D RenderEngine: [SEC_SF_EFFECTS] drawLayersInternal,1483, Rendering layer Background for 2bbeaf3 SurfaceView[org.vitasuwayomi.app/org.vitasuwayomi.app.VitaSuwayomiActivity]@0#66244 at index 1
03-27 04:47:28.877  2180  2352 D RenderEngine: [SEC_SF_EFFECTS] drawLayersInternal,1483, Rendering layer org.vitasuwayomi.app/org.vitasuwayomi.app.VitaSuwayomiActivity$_31383#66237 at index 2
03-27 04:47:28.877  3031  3222 V DisplayPowerController[0]: Brightness [0.18431373] reason changing to: 'override(org.vitasuwayomi.app/org.vitasuwayomi.app.VitaSuwayomiActivity)', previous reason: 'automatic'.
03-27 04:47:28.877  3031  3222 I DisplayPowerController[0]: BrightnessEvent: brt=0.18431373 (68.0%), nits= 56.377, lux=-1.0, reason=override(org.vitasuwayomi.app/org.vitasuwayomi.app.VitaSuwayomiActivity), strat=OverrideBrightnessStrategy, state=ON, stateReason=KEY, policy=BRIGHT, flags=, initBrt=0.18431373, rcmdBrt=NaN, preBrt=NaN, preLux=0.0, wasShortTermModelActive=false, autoBrightness=true (default), unclampedBrt=0.18431373, hbmMax=1.0, hbmMode=off, thrmMax=1.0, rbcStrength=-1, powerFactor=1.0, physDisp=Built-in Screen(local:4630946165277524611), logicalId=0, slowChange=false, rampSpeed=0.0
03-27 04:47:28.881  3031  3120 V WindowManager: Sent Transition (#4054) createdAt=03-27 04:47:28.778 via request=TransitionRequestInfo { type = CLOSE, triggerTask = TaskInfo{userId=0 taskId=6961 effectiveUid=10657 displayId=0 isRunning=false baseIntent=Intent { act=android.intent.action.MAIN cat=[android.intent.category.LAUNCHER] flg=0x10200000 cmp=org.vitasuwayomi.app/.VitaSuwayomiActivity } baseActivity=null topActivity=null origActivity=null realActivity=ComponentInfo{org.vitasuwayomi.app/org.vitasuwayomi.app.VitaSuwayomiActivity} numActivities=0 lastActiveTime=253213532 supportsMultiWindow=true resizeMode=1 isResizeable=true minWidth=-1 minHeight=-1 maxWidth=-1 maxHeight=-1 defaultMinSize=220 desktopDefaultMinSize=304 token=WCT{RemoteToken{9a2d643 Task{c31c42c #6961 type=standard A=10657:org.vitasuwayomi.app}}} topActivityType=1 pictureInPictureParams=null shouldDockBigOverlays=false launchIntoPipHostTaskId=-1 lastParentTaskIdBeforePip=-1 displayCutoutSafeInsets=Rect(0, 0 - 0, 0) topActivityInfo=null launchCookies=[android.os.BinderProxy@8f045f9] positionInParent=Point(0, 0) parentTaskId=-1 isFocused=true isVisible=true isVisibleRequested=true isTopActivityNoDisplay=false isSleeping=false locusId=null displayAreaFeatureId=1 isTopActivityTransparent=false isActivityStackTransparent=true lastNonFullscreenBounds=Rect(511, 578 - 1346, 1550) capturedLink=null capturedLinkTimestamp=0 requestedVisibleTypes=-9 topActivityRequestOpenInBrowserEducationTimestamp=0 appCompatTaskInfo=AppCompatTaskInfo { topActivityInSizeCompat=false eligibleForLetterboxEducation= false isLetterboxEducationEnabled= false isLetterboxDoubleTapEnabled= false eligibleForUserAspectRatioButton= false topActivityBoundsLetterboxed= false isFromLetterboxDoubleTap= false topActivityLetterboxVerticalPosition= -1 topActivityLetterboxHorizontalPosition= -1 topActivityLetterboxWidth=-1 topActivityLetterboxHeight=-1 topActivityAppBounds=Rect(0, 0 - 0, 0) isUserFullscreenOverrideEnabled=false isSystemFullscreenOverrideEnabled=false hasMinAspectRatioOverride=false topActivityLetterboxBounds=null cameraCompatTaskInfo=CameraCompatTaskInfo { freeformCameraCompatMode=undefined} topActivityBounds=null topActivityInDisplayCompat=false singleTapFromLetterbox=false} topActivityMainWindowFrame=null originallySupportedMultiWindow=true hasWallpaper=false rootAffinity=10657:org.vitasuwayomi.app isTopTaskInStage=false CoverLauncherWidgetTask=false LaunchedFromAppsCoverLauncherTask=false LaunchedFromMultistarCoverLauncherTask=false isAllowedSeamlessRotation=false isTopTransparentActivity=true isAliasManaged=false hasConfigChanged=false snappingGuideBounds=null isAiKeyRemoveAppTask=false lastDesktopWindowingBounds=null lastExternalDesktopWindowingBounds=null isTopFullScreenWindow=true isFullSizeWindow=true safeCutoutInsets=Rect(-100000, 84 - 100000, 100000)}, pipChange = null, remoteTransition = null, displayChange = null, flags = 0, debugId = 4054 }
03-27 04:47:28.886  3031  5046 V WindowManager: Schedule remove starting ActivityRecord{117075935 u0 org.vitasuwayomi.app/.VitaSuwayomiActivity t6961 f}} startingWindow=Window{2eda1a9 u0 Splash Screen org.vitasuwayomi.app} animate=true Callers=com.android.server.wm.ActivityRecord.onSyncTransactionCommitted:16 com.android.server.wm.BLASTSyncEngine$SyncGroup$1CommitCallback.onCommitted:104 com.android.server.wm.BLASTSyncEngine$SyncGroup$$ExternalSyntheticLambda0.onTransactionCommitted:8 android.view.SurfaceControl$Transaction$$ExternalSyntheticLambda4.run:0 com.android.server.SystemServerInitThreadPool$$ExternalSyntheticLambda0.execute:1 
03-27 04:47:28.886  3031  5046 D TaskOrganizerController: applyStartingWindowAnimation, window=Window{9e84180 u0 org.vitasuwayomi.app/org.vitasuwayomi.app.VitaSuwayomiActivity}, caller=com.android.server.wm.TaskOrganizerController.removeStartingWindow:132 com.android.server.wm.StartingSurfaceController$StartingSurface.remove:23 com.android.server.wm.ActivityRecord.removeStartingWindowAnimation:171 
03-27 04:47:28.886  3031  5046 I WindowManager: Reparenting to leash, surface=Surface(name=9e84180 org.vitasuwayomi.app/org.vitasuwayomi.app.VitaSuwayomiActivity)/@0x5e3f796, leashParent=Surface(name=ActivityRecord{117075935 u0 org.vitasuwayomi.app/.VitaSuwayomiActivity t6961})/@0xb844f17
03-27 04:47:28.886  2180  4229 I SurfaceFlinger: id=66252 createSurf, flag=24000, Surface(name=9e84180 org.vitasuwayomi.app/org.vitasuwayomi.app.VitaSuwayomiActivity)/@0x5e3f796 - animation-leash of starting_reveal#66252
03-27 04:47:28.886  3031  5046 D WindowManager: makeSurface duration=0 leash=Surface(name=Surface(name=9e84180 org.vitasuwayomi.app/org.vitasuwayomi.app.VitaSuwayomiActivity)/@0x5e3f796 - animation-leash of starting_reveal)/@0xf425ced
03-27 04:47:28.887  4997  4997 I HoneySpace.AppListFastRecyclerViewAdapter: findCloseTarget : 28999, ComponentInfo{org.vitasuwayomi.app/org.vitasuwayomi.app.VitaSuwayomiActivity}
03-27 04:47:28.892  2180  2180 I SurfaceFlinger: [Surface(name=9e84180 org.vitasuwayomi.app/org.vitasuwayomi.app.VitaSuwayomiActivity)/@0x5e3f796 - animation-leash of starting_reveal#66252] attach to parent LayerHierarchy{RequestedLayerState{ActivityRecord{117075935 u0 org.vitasuwayomi.app/.VitaSuwayomiActivity t6961}#66225 parentId=66224} 4 children}
03-27 04:47:28.900  2180  2180 I SurfaceFlinger: [LayerHierarchy{RequestedLayerState{9e84180 org.vitasuwayomi.app/org.vitasuwayomi.app.VitaSuwayomiActivity#66236 parentId=66252} 1 children}] reparent to LayerHierarchy{RequestedLayerState{Surface(name=9e84180 org.vitasuwayomi.app/org.vitasuwayomi.app.VitaSuwayomiActivity)/@0x5e3f796 - animation-leash of starting_reveal#66252 parentId=66225} 1 children}
03-27 04:47:28.950  3031  5069 I WindowManager: Cancelling animation restarting=false, leash=Surface(name=Surface(name=9e84180 org.vitasuwayomi.app/org.vitasuwayomi.app.VitaSuwayomiActivity)/@0x5e3f796 - animation-leash of starting_reveal)/@0xf425ced
03-27 04:47:28.950  3031  5069 I WindowManager: Reparenting to original parent: Surface(name=ActivityRecord{117075935 u0 org.vitasuwayomi.app/.VitaSuwayomiActivity t6961})/@0xb844f17, destroy=false, surface=Surface(name=9e84180 org.vitasuwayomi.app/org.vitasuwayomi.app.VitaSuwayomiActivity)/@0x5e3f796
