03-27 05:36:08.226  2180  2180 I SurfaceFlinger: [9aa077b SurfaceView[org.vitasuwayomi.app/org.vitasuwayomi.app.VitaSuwayomiActivity]@0(BLAST)#67789] attach to parent LayerHierarchy{RequestedLayerState{9aa077b SurfaceView[org.vitasuwayomi.app/org.vitasuwayomi.app.VitaSuwayomiActivity]@0#67788 parentId=67784} 1 children}
03-27 05:36:08.226  2180  2180 I SurfaceFlinger: [Background for 9aa077b SurfaceView[org.vitasuwayomi.app/org.vitasuwayomi.app.VitaSuwayomiActivity]@0#67790] attach to parent LayerHierarchy{RequestedLayerState{9aa077b SurfaceView[org.vitasuwayomi.app/org.vitasuwayomi.app.VitaSuwayomiActivity]@0#67788 parentId=67784} 2 children}
03-27 05:36:08.229  2180  2843 D SurfaceFlinger: [input] setFocusedWindow: 499ed1 org.vitasuwayomi.app/org.vitasuwayomi.app.VitaSuwayomiActivity
03-27 05:36:08.229  3031  7215 D InputDispatcher: Once focus requested (0): 499ed1 org.vitasuwayomi.app/org.vitasuwayomi.app.VitaSuwayomiActivity
03-27 05:36:08.229  3031  7215 D InputDispatcher: Focus request (0): 499ed1 org.vitasuwayomi.app/org.vitasuwayomi.app.VitaSuwayomiActivity but waiting because NO_WINDOW
03-27 05:36:08.233  6094  6165 V SDL     : Running main function SDL_main from library /data/app/~~Xk4-V73o6U7zzYsfxLe6hQ==/org.vitasuwayomi.app-E96NIndZXkDOCKmW5l1B4w==/lib/arm64/libVitaSuwayomi.so
03-27 05:36:08.233  6094  6094 D VRI[VitaSuwayomiActivity]@7446d61: Setup new sync=wmsSync-VRI[VitaSuwayomiActivity]@7446d61#2
03-27 05:36:08.233  6094  6165 V SDL     : nativeRunMain()
03-27 05:36:08.233  6094  6094 I VRI[VitaSuwayomiActivity]@7446d61: Creating new active sync group VRI[VitaSuwayomiActivity]@7446d61#3
03-27 05:36:08.234  6094  6094 D VRI[VitaSuwayomiActivity]@7446d61: registerCallbacksForSync syncBuffer=false
03-27 05:36:08.234  6094  6125 I SV[45869811 VitaSuwayomiActivity]: uSP: rtp = Rect(0, 94 - 1856, 2034) rtsw = 1856 rtsh = 1940
03-27 05:36:08.234  6094  6125 I SV[45869811 VitaSuwayomiActivity]: onSSPAndSRT: pl = 0 pt = 94 sx = 1.0 sy = 1.0
03-27 05:36:08.234  6094  6125 I SV[45869811 VitaSuwayomiActivity]: aOrMT: VRI[VitaSuwayomiActivity]@7446d61 t = android.view.SurfaceControl$Transaction@5b703f8 fN = 1 android.view.SurfaceView.-$$Nest$mapplyOrMergeTransaction:0 android.view.SurfaceView$SurfaceViewPositionUpdateListener.positionChanged:1932 android.graphics.RenderNode$CompositePositionUpdateListener.positionChanged:401 
03-27 05:36:08.234  6094  6125 I VRI[VitaSuwayomiActivity]@7446d61: mWNT: t=0xb40000752c344e10 mBlastBufferQueue=0xb40000758c3492c0 fn= 1 HdrRenderState mRenderHdrSdrRatio=1.0 caller= android.view.SurfaceView.applyOrMergeTransaction:1863 android.view.SurfaceView.-$$Nest$mapplyOrMergeTransaction:0 android.view.SurfaceView$SurfaceViewPositionUpdateListener.positionChanged:1932 
03-27 05:36:08.234  6094  6125 I SV[162137979 VitaSuwayomiActivity]: uSP: rtp = Rect(0, 94 - 1856, 2034) rtsw = 1856 rtsh = 1940
03-27 05:36:08.234  6094  6125 I SV[162137979 VitaSuwayomiActivity]: onSSPAndSRT: pl = 0 pt = 94 sx = 1.0 sy = 1.0
03-27 05:36:08.234  6094  6125 I SV[162137979 VitaSuwayomiActivity]: aOrMT: VRI[VitaSuwayomiActivity]@7446d61 t = android.view.SurfaceControl$Transaction@bf270d1 fN = 1 android.view.SurfaceView.-$$Nest$mapplyOrMergeTransaction:0 android.view.SurfaceView$SurfaceViewPositionUpdateListener.positionChanged:1932 android.graphics.RenderNode$CompositePositionUpdateListener.positionChanged:401 
03-27 05:36:08.234  6094  6125 I VRI[VitaSuwayomiActivity]@7446d61: mWNT: t=0xb40000752c342950 mBlastBufferQueue=0xb40000758c3492c0 fn= 1 HdrRenderState mRenderHdrSdrRatio=1.0 caller= android.view.SurfaceView.applyOrMergeTransaction:1863 android.view.SurfaceView.-$$Nest$mapplyOrMergeTransaction:0 android.view.SurfaceView$SurfaceViewPositionUpdateListener.positionChanged:1932 
03-27 05:36:08.234  6094  6135 D VRI[VitaSuwayomiActivity]@7446d61: Received frameDrawingCallback syncResult=0 frameNum=1.
03-27 05:36:08.234  6094  6135 I VRI[VitaSuwayomiActivity]@7446d61: mWNT: t=0xb40000752c339b90 mBlastBufferQueue=0xb40000758c3492c0 fn= 1 HdrRenderState mRenderHdrSdrRatio=1.0 caller= android.view.ViewRootImpl$12.onFrameDraw:15441 android.view.ThreadedRenderer$1.onFrameDraw:718 <bottom of call stack> 
03-27 05:36:08.235  6094  6135 I VRI[VitaSuwayomiActivity]@7446d61: Setting up sync and frameCommitCallback
03-27 05:36:08.262  6094  6125 I BLASTBufferQueue: [VRI[VitaSuwayomiActivity]@7446d61#0](f:0,a:0,s:0) onFrameAvailable the first frame is available
03-27 05:36:08.263  6094  6125 I VRI[VitaSuwayomiActivity]@7446d61: Received frameCommittedCallback lastAttemptedDrawFrameNum=1 didProduceBuffer=true
03-27 05:36:08.263  2180  2311 I SurfaceFlinger: [org.vitasuwayomi.app/org.vitasuwayomi.app.VitaSuwayomiActivity$_6094#67780] setTransactionState with the first frame. bufferData(ID: 26173530701824, frameNumber: 1)
03-27 05:36:08.263  6094  6094 D VRI[VitaSuwayomiActivity]@7446d61: reportDrawFinished seqId=0
03-27 05:36:08.264  3031  4665 D WindowManager: finishDrawingWindow: Window{499ed1 u0 org.vitasuwayomi.app/org.vitasuwayomi.app.VitaSuwayomiActivity} mDrawState=DRAW_PENDING seqId=0
03-27 05:36:08.264  3031  3124 D SurfaceComposerClient: setCornerRadius ## 499ed1 org.vitasuwayomi.app/org.vitasuwayomi.app.VitaSuwayomiActivity#67779 cornerRadius=0.000000
03-27 05:36:08.264  6094  6094 I InsetsSourceConsumer: applyRequestedVisibilityToControl: visible=true, type=navigationBars, host=org.vitasuwayomi.app/org.vitasuwayomi.app.VitaSuwayomiActivity
03-27 05:36:08.264  6094  6094 I InsetsSourceConsumer: applyRequestedVisibilityToControl: visible=true, type=statusBars, host=org.vitasuwayomi.app/org.vitasuwayomi.app.VitaSuwayomiActivity
03-27 05:36:08.265  3031  3124 D WindowManager: updateSystemBarAttributes: displayId=0, focusedCanBeNavColorWin=false, win=Window{499ed1 u0 org.vitasuwayomi.app/org.vitasuwayomi.app.VitaSuwayomiActivity}, navColorWin=Window{7f4132c u0 Splash Screen org.vitasuwayomi.app}, caller=com.android.server.wm.DisplayPolicy.finishPostLayoutPolicyLw:17 com.android.server.wm.RootWindowContainer.applySurfaceChangesTransaction$1:195 com.android.server.wm.RootWindowContainer.performSurfacePlacementNoTrace:86 
03-27 05:36:08.265  3031  3124 V WindowManager: Finish starting ActivityRecord{142703544 u0 org.vitasuwayomi.app/.VitaSuwayomiActivity t6968}: first real window is shown, no animation
03-27 05:36:08.265  3031  3124 V WindowManager: Schedule remove starting ActivityRecord{142703544 u0 org.vitasuwayomi.app/.VitaSuwayomiActivity t6968} startingWindow=Window{7f4132c u0 Splash Screen org.vitasuwayomi.app} animate=true Callers=com.android.server.wm.ActivityRecord.removeStartingWindow:178 com.android.server.wm.WindowState.performShowLocked:155 com.android.server.wm.WindowStateAnimator.commitFinishDrawingLocked:73 com.android.server.wm.DisplayContent$$ExternalSyntheticLambda1.accept:398 com.android.server.wm.WindowContainer$ForAllWindowsConsumerWrapper.apply:5 
03-27 05:36:08.265  3031  3124 D TaskOrganizerController: applyStartingWindowAnimation, window=Window{499ed1 u0 org.vitasuwayomi.app/org.vitasuwayomi.app.VitaSuwayomiActivity}, caller=com.android.server.wm.TaskOrganizerController.removeStartingWindow:132 com.android.server.wm.StartingSurfaceController$StartingSurface.remove:23 com.android.server.wm.ActivityRecord.removeStartingWindowAnimation:171 
03-27 05:36:08.266  3031  3124 I WindowManager: Reparenting to leash, surface=Surface(name=499ed1 org.vitasuwayomi.app/org.vitasuwayomi.app.VitaSuwayomiActivity)/@0x1ede41, leashParent=Surface(name=ActivityRecord{142703544 u0 org.vitasuwayomi.app/.VitaSuwayomiActivity t6968})/@0xc229fe6
03-27 05:36:08.266  2180  2311 I SurfaceFlinger: id=67791 createSurf, flag=24000, Surface(name=499ed1 org.vitasuwayomi.app/org.vitasuwayomi.app.VitaSuwayomiActivity)/@0x1ede41 - animation-leash of starting_reveal#67791
03-27 05:36:08.266  3031  3124 D WindowManager: makeSurface duration=1 leash=Surface(name=Surface(name=499ed1 org.vitasuwayomi.app/org.vitasuwayomi.app.VitaSuwayomiActivity)/@0x1ede41 - animation-leash of starting_reveal)/@0x95a5927
03-27 05:36:08.266  3031  3124 I ActivityTaskManager: done cause=notifyWindowsDrawn timestamp=162616620286350 info=TransitionInfo{dcc07d4 a=ActivityRecord{142703544 u0 org.vitasuwayomi.app/.VitaSuwayomiActivity t6968} d=true}
03-27 05:36:08.266  3031  3124 V WindowManager: performShowLocked: mDrawState=HAS_DRAWN in Window{499ed1 u0 org.vitasuwayomi.app/org.vitasuwayomi.app.VitaSuwayomiActivity}
03-27 05:36:08.266  3031  3124 D SurfaceComposerClient: setCornerRadius ## 499ed1 org.vitasuwayomi.app/org.vitasuwayomi.app.VitaSuwayomiActivity#67779 cornerRadius=0.000000
03-27 05:36:08.267  6094  6094 I BLASTBufferQueue_Java: update, w= 1856 h= 2160 mName = VRI[VitaSuwayomiActivity]@7446d61 mNativeObject= 0xb40000758c3492c0 sc.mNativeObject= 0xb40000741c324e50 format= -3 caller= android.view.ViewRootImpl.updateBlastSurfaceIfNeeded:3574 android.view.ViewRootImpl.relayoutWindow:11685 android.view.ViewRootImpl.performTraversals:4804 android.view.ViewRootImpl.doTraversal:3924 android.view.ViewRootImpl$TraversalRunnable.run:12903 android.view.Choreographer$CallbackRecord.run:1901 
03-27 05:36:08.267  6094  6094 I VRI[VitaSuwayomiActivity]@7446d61: Relayout returned: old=(0,0,1856,2160) new=(0,0,1856,2160) relayoutAsync=true req=(1856,2160)0 dur=0 res=0x0 s={true 0xb4000074ac33cf90} ch=false seqId=0
03-27 05:36:08.267  6094  6094 I VRI[VitaSuwayomiActivity]@7446d61: updateBoundsLayer: t=android.view.SurfaceControl$Transaction@a5467a4 sc=Surface(name=Bounds for - org.vitasuwayomi.app/org.vitasuwayomi.app.VitaSuwayomiActivity@0)/@0xa5c490d frame=2
03-27 05:36:08.267  6094  6094 I VRI[VitaSuwayomiActivity]@7446d61: registerCallbackForPendingTransactions
03-27 05:36:08.267  6094  6136 I VRI[VitaSuwayomiActivity]@7446d61: mWNT: t=0xb40000752c344fd0 mBlastBufferQueue=0xb40000758c3492c0 fn= 2 HdrRenderState mRenderHdrSdrRatio=1.0 caller= android.view.ViewRootImpl$10.onFrameDraw:6536 android.view.ViewRootImpl$4.onFrameDraw:2489 android.view.ThreadedRenderer$1.onFrameDraw:718 
03-27 05:36:08.268  2180  2180 I SurfaceFlinger: RequestedLayer [2bbeaf3 SurfaceView[org.vitasuwayomi[...]mi.app.VitaSuwayomiActivity]@0#67785] hidden!! flag  from(1) --> to(0)
03-27 05:36:08.268  2180  2180 I SurfaceFlinger: RequestedLayer [9aa077b SurfaceView[org.vitasuwayomi[...]mi.app.VitaSuwayomiActivity]@0#67788] hidden!! flag  from(1) --> to(0)
03-27 05:36:08.268  2180  2180 I SurfaceFlinger: RequestedLayer [Bounds for - org.vitasuwayomi.app/or[...]omi.app.VitaSuwayomiActivity@0#67784] hidden!! flag  from(1) --> to(0)
03-27 05:36:08.268  2180  2180 I SurfaceFlinger: RequestedLayer [Background for 2bbeaf3 SurfaceView[o[...]mi.app.VitaSuwayomiActivity]@0#67787] hidden!! flag  from(1) --> to(0)
03-27 05:36:08.268  2180  2180 I SurfaceFlinger: [LayerHierarchy{RequestedLayerState{Background for 9aa077b SurfaceView[org.vitasuwayomi.app/org.vitasuwayomi.app.VitaSuwayomiActivity]@0#67790 parentId=67788 relativeParentId=67780 z=-2147483648} no children}] RelativeParent to LayerHierarchy{RequestedLayerState{org.vitasuwayomi.app/org.vitasuwayomi.app.VitaSuwayomiActivity$_6094#67780 parentId=67779} 2 children}
03-27 05:36:08.268  2180  2180 I SurfaceFlinger: [LayerHierarchy{RequestedLayerState{9aa077b SurfaceView[org.vitasuwayomi.app/org.vitasuwayomi.app.VitaSuwayomiActivity]@0#67788 parentId=67784 relativeParentId=67780 z=1} 2 children}] RelativeParent to LayerHierarchy{RequestedLayerState{org.vitasuwayomi.app/org.vitasuwayomi.app.VitaSuwayomiActivity$_6094#67780 parentId=67779} 3 children}
03-27 05:36:08.268  2180  2180 I SurfaceFlinger: [LayerHierarchy{RequestedLayerState{2bbeaf3 SurfaceView[org.vitasuwayomi.app/org.vitasuwayomi.app.VitaSuwayomiActivity]@0#67785 parentId=67784 relativeParentId=67780 z=-2} 2 children}] RelativeParent to LayerHierarchy{RequestedLayerState{org.vitasuwayomi.app/org.vitasuwayomi.app.VitaSuwayomiActivity$_6094#67780 parentId=67779} 4 children}
03-27 05:36:08.268  2180  2180 I SurfaceFlinger: [LayerHierarchy{RequestedLayerState{Background for 2bbeaf3 SurfaceView[org.vitasuwayomi.app/org.vitasuwayomi.app.VitaSuwayomiActivity]@0#67787 parentId=67785 relativeParentId=67780 z=-2147483648} no children}] RelativeParent to LayerHierarchy{RequestedLayerState{org.vitasuwayomi.app/org.vitasuwayomi.app.VitaSuwayomiActivity$_6094#67780 parentId=67779} 5 children}
03-27 05:36:08.268  2180  2180 I SurfaceFlinger: [Surface(name=499ed1 org.vitasuwayomi.app/org.vitasuwayomi.app.VitaSuwayomiActivity)/@0x1ede41 - animation-leash of starting_reveal#67791] attach to parent LayerHierarchy{RequestedLayerState{ActivityRecord{142703544 u0 org.vitasuwayomi.app/.VitaSuwayomiActivity t6968}#67768 parentId=67767} 4 children}
03-27 05:36:08.268  3031  3124 D SurfaceComposerClient: setCornerRadius ## 499ed1 org.vitasuwayomi.app/org.vitasuwayomi.app.VitaSuwayomiActivity#67779 cornerRadius=0.000000
03-27 05:36:08.269  3031  3124 D SurfaceComposerClient: setCornerRadius ## 499ed1 org.vitasuwayomi.app/org.vitasuwayomi.app.VitaSuwayomiActivity#67779 cornerRadius=0.000000
03-27 05:36:08.273  3031  4665 I WindowManager: Relayout Window{499ed1 u0 org.vitasuwayomi.app/org.vitasuwayomi.app.VitaSuwayomiActivity}: viewVisibility=0 req=1856x2160 ty=1 d0
03-27 05:36:08.273  3031  4665 D SurfaceComposerClient: setCornerRadius ## 499ed1 org.vitasuwayomi.app/org.vitasuwayomi.app.VitaSuwayomiActivity#67779 cornerRadius=0.000000
03-27 05:36:08.273  3031  4665 D SurfaceComposerClient: setCornerRadius ## 499ed1 org.vitasuwayomi.app/org.vitasuwayomi.app.VitaSuwayomiActivity#67779 cornerRadius=0.000000
03-27 05:36:08.275  3031  3123 D DisplayManagerService: [api] setScreenBrightnessOverrideFromWindowManager: id:0, br:47(0.18) tag:org.vitasuwayomi.app/org.vitasuwayomi.app.VitaSuwayomiActivity pkg:org.vitasuwayomi.app
03-27 05:36:08.275  2180  2180 I SurfaceFlinger: RequestedLayer [org.vitasuwayomi.app/org.vitasuwayomi.app.VitaSuwayomiActivity$_6094#67780] hidden!! flag  from(1) --> to(0)
03-27 05:36:08.275  2180  2180 I SurfaceFlinger: [LayerHierarchy{RequestedLayerState{499ed1 org.vitasuwayomi.app/org.vitasuwayomi.app.VitaSuwayomiActivity#67779 parentId=67791} 1 children}] reparent to LayerHierarchy{RequestedLayerState{Surface(name=499ed1 org.vitasuwayomi.app/org.vitasuwayomi.app.VitaSuwayomiActivity)/@0x1ede41 - animation-leash of starting_reveal#67791 parentId=67768} 1 children}
03-27 05:36:08.277  3031  3120 I PkgPredictorService-SecIpmManagerServiceImpl: reportToNAP uid:10658 org.vitasuwayomi.app/org.vitasuwayomi.app.VitaSuwayomiActivity thisTime:167
03-27 05:36:08.279  2180  2180 D SurfaceFlinger:        CLIENT |                        0 | 00000002 | N/A          |    0.0    0.0    0.0    0.0 |  146  120 1813 1692 | Background for 2bbeaf3 SurfaceView[o[...]mi.app.VitaSuwayomiActivity]@0#67787 (0)
03-27 05:36:08.279  2180  2180 D SurfaceFlinger:        CLIENT |           26173530701825 | 00002100 | RGBA_8888    |   16.0   27.0 2139.0 1856.0 |   79  120 1903 1692 | org.vitasuwayomi.app/org.vitasuwayomi.app.VitaSuwayomiActivity$_6094#67780 (2)
03-27 05:36:08.279  3031  3120 I ActivityTaskManager: Displayed org.vitasuwayomi.app/.VitaSuwayomiActivity for user 0: +167ms
03-27 05:36:08.280  3031  4665 D InputDispatcher: Focus entered window (0): 499ed1 org.vitasuwayomi.app/org.vitasuwayomi.app.VitaSuwayomiActivity
03-27 05:36:08.280  6094  6094 D VRI[VitaSuwayomiActivity]@7446d61: mThreadedRenderer.initializeIfNeeded()#2 mSurface={isValid=true 0xb4000074ac33cf90}
03-27 05:36:08.284  3031  3124 D SurfaceComposerClient: setCornerRadius ## 499ed1 org.vitasuwayomi.app/org.vitasuwayomi.app.VitaSuwayomiActivity#67779 cornerRadius=0.000000
03-27 05:36:08.292  3031  3056 D InsetsSourceProvider: updateControlForTarget: control=InsetsSourceControl: {3 mType=ime mSurfacePosition=Point(0, 94) mInsetsHint=Insets{left=0, top=0, right=0, bottom=754}}, target=Window{499ed1 u0 org.vitasuwayomi.app/org.vitasuwayomi.app.VitaSuwayomiActivity}, from=com.android.server.wm.ImeInsetsSourceProvider.updateControlForTarget:17 com.android.server.wm.InsetsStateController.onControlTargetChanged:83 com.android.server.wm.DisplayContent.updateImeControlTarget:21 com.android.server.wm.DisplayContent.updateImeInputAndControlTarget:156 com.android.server.wm.WindowManagerService$LocalService.updateInputMethodTargetWindow:64 
03-27 05:36:08.293  3031  3124 D SurfaceComposerClient: setCornerRadius ## 499ed1 org.vitasuwayomi.app/org.vitasuwayomi.app.VitaSuwayomiActivity#67779 cornerRadius=0.000000
03-27 05:36:08.297  3031  4665 D WindowManager: rotationForOrientation, orientationSource=ActivityRecord{142703544 u0 org.vitasuwayomi.app/.VitaSuwayomiActivity t6968}
03-27 05:36:08.298  3031  4665 D SurfaceComposerClient: setCornerRadius ## 499ed1 org.vitasuwayomi.app/org.vitasuwayomi.app.VitaSuwayomiActivity#67779 cornerRadius=0.000000
03-27 05:36:08.299  4997 30576 I HoneySpace.HistoryViewModel@83843682@OneUI: loadItem(TASKBAR) : recentApp=id:-1095 label:VitaSuwayomi componnet:org.vitasuwayomi.app/.VitaSuwayomiActivity#UserHandle{0} badgeCount:0  drag:false iconState:NONE, deskId:-1, taskInfo=[[id=6968 windowingMode=1 user=0 lastActiveTime=256133115] null], isRunning=true, isMinimized=false, [6968]
03-27 05:36:08.300  4997  4997 I HoneySpace.HistoryAdapter: setItems: 2, [[0], (#0,#-1,#1), item=id:-1095 label:VitaSuwayomi componnet:org.vitasuwayomi.app/.VitaSuwayomiActivity#UserHandle{0} badgeCount:0  drag:false iconState:NONE, tasks=[[id=6968 windowingMode=1 user=0 lastActiveTime=256133115] null], [RecentApp], showRunningCue=false, isRunning=true, isMinimized=false, [6968], [1], (#0,#-1,#1), item=id:-1029 label:My Files componnet:com.sec.android.app.myfiles/.ui.MainActivity#UserHandle{0} badgeCount:0  drag:false iconState:NONE, tasks=[[id=6966 windowingMode=1 user=0 lastActiveTime=256127895] null], [RecentApp], showRunningCue=false, isRunning=true, isMinimized=false, [6966]]
03-27 05:36:08.300  4997  4997 I HoneySpace.HoneyFactoryImpl: create honeyInfo=HoneyInfo(parentHoney=A4.l1@f0c2a14, packageName=null, type=appicon), honeyData=HoneyData(id=-1095, data=[app, id:-1095 label:VitaSuwayomi componnet:org.vitasuwayomi.app/.VitaSuwayomiActivity#UserHandle{0} badgeCount:0  drag:false iconState:NONE], bundleData=null, savedState=null), context=android.view.ContextThemeWrapper@751ce96
03-27 05:36:08.300  4997  4997 I HoneySpace.DefaultPlugin: createHoney honeyInfo=HoneyInfo(parentHoney=A4.l1@f0c2a14, packageName=null, type=appicon) honeyData=HoneyData(id=-1095, data=[app, id:-1095 label:VitaSuwayomi componnet:org.vitasuwayomi.app/.VitaSuwayomiActivity#UserHandle{0} badgeCount:0  drag:false iconState:NONE], bundleData=null, savedState=null) context=android.view.ContextThemeWrapper@751ce96
03-27 05:36:08.302  3031  4665 D WindowManager: prepareSync <SYNC_STATE_WAITING_FOR_DRAW>, mPrepareSyncSeqId=0, win=Window{499ed1 u0 org.vitasuwayomi.app/org.vitasuwayomi.app.VitaSuwayomiActivity}
03-27 05:36:08.312  3031  3222 V DisplayPowerController[0]: Brightness [0.18431373] reason changing to: 'override(org.vitasuwayomi.app/org.vitasuwayomi.app.VitaSuwayomiActivity)', previous reason: 'automatic'.
03-27 05:36:08.312  3031  3222 I DisplayPowerController[0]: BrightnessEvent: brt=0.18431373 (68.0%), nits= 56.377, lux=-1.0, reason=override(org.vitasuwayomi.app/org.vitasuwayomi.app.VitaSuwayomiActivity), strat=OverrideBrightnessStrategy, state=ON, stateReason=KEY, policy=BRIGHT, flags=, initBrt=0.18431373, rcmdBrt=NaN, preBrt=NaN, preLux=0.0, wasShortTermModelActive=false, autoBrightness=true (default), unclampedBrt=0.18431373, hbmMax=1.0, hbmMode=off, thrmMax=1.0, rbcStrength=-1, powerFactor=1.0, physDisp=Built-in Screen(local:4630946165277524611), logicalId=0, slowChange=false, rampSpeed=0.0
03-27 05:36:08.329  2180  2310 I SurfaceFlinger: Capture layer list: 	 Background for 2bbeaf3 SurfaceView[org.vitasuwayomi.app/org.vitasuwayomi.app.VitaSuwayomiActivity]@0#67787(seamlessTransition:1)
03-27 05:36:08.329  2180  2310 I SurfaceFlinger: Capture layer list: 	 org.vitasuwayomi.app/org.vitasuwayomi.app.VitaSuwayomiActivity$_6094#67780(seamlessTransition:1)
03-27 05:36:08.330  2180  2352 D RenderEngine: [SEC_SF_EFFECTS] drawLayersInternal,1483, Rendering layer Background for 2bbeaf3 SurfaceView[org.vitasuwayomi.app/org.vitasuwayomi.app.VitaSuwayomiActivity]@0#67787 at index 3
03-27 05:36:08.330  2180  2352 D RenderEngine: [SEC_SF_EFFECTS] drawLayersInternal,1483, Rendering layer org.vitasuwayomi.app/org.vitasuwayomi.app.VitaSuwayomiActivity$_6094#67780 at index 4
03-27 05:36:08.339  3031  4665 V WindowManager: Collecting in transition 4151: ActivityRecord{142703544 u0 org.vitasuwayomi.app/.VitaSuwayomiActivity t6968}, caller=com.android.server.wm.TransitionController$$ExternalSyntheticLambda2.accept:21 com.android.server.wm.ActivityRecord.forAllActivities:2 com.android.server.wm.WindowContainer.forAllActivities:8 com.android.server.wm.WindowContainer.forAllActivities:6 com.android.server.wm.TransitionController$$ExternalSyntheticLambda2.accept:107 
03-27 05:36:08.343  3031  4665 D WindowManager: Checking to restart org.vitasuwayomi.app.VitaSuwayomiActivity: changed={CONFIG_ORIENTATION}, handles={CONFIG_MCC, CONFIG_MNC, CONFIG_LOCALE, CONFIG_KEYBOARD, CONFIG_KEYBOARD_HIDDEN, CONFIG_NAVIGATION, CONFIG_ORIENTATION, CONFIG_SCREEN_LAYOUT, CONFIG_UI_MODE, CONFIG_SCREEN_SIZE, CONFIG_SMALLEST_SCREEN_SIZE, CONFIG_LAYOUT_DIRECTION}, not-handles={}, mLastReportedConfiguration={mGlobalConfig={1.15 310mcc280mnc [en_US] ldltr sw707dp w823dp h629dp 420dpi lrg hdr widecg land night finger -keyb/v/h -nav/h winConfig={ mBounds=Rect(0, 0 - 2160, 1856) mAppBounds=Rect(0, 0 - 2160, 1730) mMaxBounds=Rect(0, 0 - 2160, 1856) mDisplayRotation=ROTATION_90 mWindowingMode=fullscreen mActivityType=undefined mAlwaysOnTop=undefined mRotation=ROTATION_90 mStageConfig=undefined mEmbedActivityMode=undefined mPopOver=off mOverlappingWithCutout=false mFlexPanelMode=off} s.28296 fontWeightAdjustment=0 ff=0 bf=-1 bts=0 cst=1.0 nightDim=0 dt/m themeSeq=0} mOverrideConfig={1.15 310mcc280mnc [en_US] ldltr sw707dp w823dp h629dp 420dpi lrg hdr widecg land night finger -keyb/v/h -nav/h winConfig={ mBounds=Rect(0, 0 - 2160, 1856) mAppBounds=Rect(0, 0 - 2160, 1730) mMaxBounds=Rect(0, 0 - 2160, 1856) mDisplayRotation=ROTATION_90 mWindowingMode=fullscreen mActivityType=standard mAlwaysOnTop=undefined mRotation=ROTATION_90 mStageConfig=undefined mEmbedActivityMode=undefined mPopOver=off mOverlappingWithCutout=false mFlexPanelMode=off} s.3 fontWeightAdjustment=0 ff=0 bf=-1 bts=0 cst=1.0 nightDim=0 dt/m themeSeq=0}}
03-27 05:36:08.343  3031  4665 D ActivityTaskManager: scheduleConfigurationChanged: ActivityRecord{142703544 u0 org.vitasuwayomi.app/.VitaSuwayomiActivity t6968} state=RESUMED config={1.15 310mcc280mnc [en_US] ldltr sw707dp w823dp h629dp 420dpi lrg hdr widecg land night finger -keyb/v/h -nav/h winConfig={ mBounds=Rect(0, 0 - 2160, 1856) mAppBounds=Rect(0, 0 - 2160, 1730) mMaxBounds=Rect(0, 0 - 2160, 1856) mDisplayRotation=ROTATION_90 mWindowingMode=fullscreen mActivityType=standard mAlwaysOnTop=undefined mRotation=ROTATION_90 mStageConfig=undefined mEmbedActivityMode=undefined mPopOver=off mOverlappingWithCutout=false mFlexPanelMode=off} s.3 fontWeightAdjustment=0 ff=0 bf=-1 bts=0 cst=1.0 nightDim=0 dt/m themeSeq=0} caller=com.android.server.wm.ActivityRecord.updateReportedConfigurationAndSend:1341 com.android.server.wm.ActivityRecord.ensureActivityConfiguration:142 com.android.server.wm.ActivityTaskManagerService.ensureConfigAndVisibilityAfterUpdate:30 
03-27 05:36:08.343  3031  4665 D SurfaceComposerClient: setCornerRadius ## 499ed1 org.vitasuwayomi.app/org.vitasuwayomi.app.VitaSuwayomiActivity#67779 cornerRadius=0.000000
03-27 05:36:08.343  3031  4665 D WindowManager: updateSystemBarAttributes: displayId=0, focusedCanBeNavColorWin=false, win=Window{499ed1 u0 org.vitasuwayomi.app/org.vitasuwayomi.app.VitaSuwayomiActivity}, navColorWin=Window{7f4132c u0 Splash Screen org.vitasuwayomi.app}, caller=com.android.server.wm.DisplayPolicy.finishPostLayoutPolicyLw:17 com.android.server.wm.RootWindowContainer.applySurfaceChangesTransaction$1:195 com.android.server.wm.RootWindowContainer.performSurfacePlacementNoTrace:86 
03-27 05:36:08.344  3031  4665 D SurfaceComposerClient: setCornerRadius ## 499ed1 org.vitasuwayomi.app/org.vitasuwayomi.app.VitaSuwayomiActivity#67779 cornerRadius=0.000000
03-27 05:36:08.345  3031  4665 D SurfaceComposerClient: setCornerRadius ## 499ed1 org.vitasuwayomi.app/org.vitasuwayomi.app.VitaSuwayomiActivity#67779 cornerRadius=0.000000
03-27 05:36:08.345  3031  4665 D SurfaceComposerClient: setCornerRadius ## 499ed1 org.vitasuwayomi.app/org.vitasuwayomi.app.VitaSuwayomiActivity#67779 cornerRadius=0.000000
03-27 05:36:08.349  6094  6094 I InsetsController: onStateChanged: host=org.vitasuwayomi.app/org.vitasuwayomi.app.VitaSuwayomiActivity, from=android.view.ViewRootImpl.onInsetsStateChanged:3026, state=InsetsState: {mDisplayFrame=Rect(0, 0 - 2160, 1856), mDisplayCutout=DisplayCutout{insets=Rect(0, 0 - 0, 0) waterfall=Insets{left=0, top=0, right=0, bottom=0} boundingRect={Bounds=[Rect(0, 0 - 0, 0), Rect(0, 0 - 0, 0), Rect(0, 0 - 0, 0), Rect(0, 0 - 0, 0)]} cutoutPathParserInfo={CutoutPathParserInfo{displayWidth=0 displayHeight=0 physicalDisplayWidth=0 physicalDisplayHeight=0 density={0.0} cutoutSpec={} rotation={0} scale={0.0} physicalPixelDisplaySizeRatio={0.0}}} sideOverrides=null}, mRoundedCorners=RoundedCorners{[RoundedCorner{position=TopLeft, radius=13, center=Point(13, 13)}, RoundedCorner{position=TopRight, radius=13, center=Point(2147, 13)}, RoundedCorner{position=BottomRight, radius=13, center=Point(2147, 1843)}, RoundedCorner{position=BottomLeft, radius=13, center=Point(13, 1843)}]}  mRoundedCornerFrame=Rect(0, 0 - 2160, 1856), mPrivacyIndicatorBounds=PrivacyIndicatorBounds {static bounds=Rect(2044, 0 - 2160, 79) rotation=1}, mDisplayShape=DisplayShape{ spec=1406003047 displayWidth=1856 displayHeight=2160 physicalPixelDisplaySizeRatio=1.0 rotation=1 offsetX=0 offsetY=0 scale=1.0}, mSources= { InsetsSource: {ad180000 mType=statusBars mFrame=[0,0][2160,79] mVisible=true mFlags= mSideHint=TOP mBoundingRects=null}, InsetsSource: {ad180005 mType=mandatorySystemGestures mFrame=[0,0][2160,79] mVisible=true mFlags= mSideHint=TOP mBoundingRects=null}, InsetsSource: {ad180006 mType=tappableElement mFrame=[0,0][2160,79] mVisible=true mFlags= mSideHint=TOP mBoundingRects=null}, InsetsSource: {c56e0001 mType=navigationBars mFrame=[0,1730][2160,1856] mVisible=true mFlags= mSideHint=BOTTOM mBoundingRects=null}, InsetsSource: {c56e0004 mType=systemGestures mFrame=[0,0][0,0] mVisible=true mFlags= mSideHint=NONE mBoundingRects=null}, InsetsSource: {c56e0005 mType=mandatorySystemGestures mFrame=[0,1730][2160,1856] mVisible=true mFlags= mSideHint=BOTTOM mBoundingRects=null}, InsetsSource: {c56e0006 mType=tappableElement mFrame=[0,1730][2160,1856] mVisible=true mFlags= mSideHint=BOTTOM mBoundingRects=null}, InsetsSource: {c56e0024 mType=systemGestures mFrame=[0,0][0,0] mVisible=true mFlags= mSideHint=NONE mBoundingRects=null}, InsetsSource: {f13c0004 mType=systemGestures mFrame=[0,0][0,0] mVisible=false mFlags= mSideHint=NONE mBoundingRects=null}, InsetsSource: {f13c0005 mType=mandatorySystemGestures mFrame=[0,0][0,0] mVisible=false mFlags= mSideHint=NONE mBoundingRects=null}, InsetsSource: {f13c0006 mType=tappableElement mFrame=[0,0][0,0] mVisible=false mFlags= mSideHint=NONE mBoundingRects=null}, InsetsSource: {f13c0024 mType=systemGestures mFrame=[0,0][0,0] mVisible=false mFlags= mSideHint=NONE mBoundingRects=null}, InsetsSource: {3 mType=ime mFrame=[0,0][0,0] mVisible=false mFlags= mSideHint=NONE mBoundingRects=null} }
03-27 05:36:08.349  6094  6094 I VRI[VitaSuwayomiActivity]@7446d61: handleResized, frames=ClientWindowFrames{frame=[0,0][2160,1856] display=[0,0][2160,1856] parentFrame=[0,0][0,0]} displayId=0 dragResizing=false compatScale=1.0 frameChanged=true attachedFrameChanged=false configChanged=true displayChanged=false compatScaleChanged=false dragResizingChanged=false
03-27 05:36:08.349  6094  6094 I VRI[VitaSuwayomiActivity]@7446d61: handleResized mSyncSeqId = 0
03-27 05:36:08.349  6094  6094 D VRI[VitaSuwayomiActivity]@7446d61: reportNextDraw android.view.ViewRootImpl.handleResized:2983 android.view.ViewRootImpl.-$$Nest$mhandleResized:0 android.view.ViewRootImpl$W.resized:14082 android.app.servertransaction.WindowStateResizeItem.execute:93 android.app.servertransaction.WindowStateTransactionItem.execute:62 
03-27 05:36:08.349  3031  4371 D MdnieScenarioControlService:  packageName : org.vitasuwayomi.app    className : org.vitasuwayomi.app.VitaSuwayomiActivity
03-27 05:36:08.350  2180  2180 I SurfaceFlinger: [LayerHierarchy{RequestedLayerState{ImeContainer#16 parentId=67768 relativeParentId=67768 z=3} 1 children}] reparent to LayerHierarchy{RequestedLayerState{ActivityRecord{142703544 u0 org.vitasuwayomi.app/.VitaSuwayomiActivity t6968}#67768 parentId=67767} 4 children}
03-27 05:36:08.351  6094  6094 I BLASTBufferQueue_Java: update, w= 2160 h= 1856 mName = VRI[VitaSuwayomiActivity]@7446d61 mNativeObject= 0xb40000758c3492c0 sc.mNativeObject= 0xb40000741c324e50 format= -3 caller= android.view.ViewRootImpl.updateBlastSurfaceIfNeeded:3574 android.view.ViewRootImpl.relayoutWindow:11685 android.view.ViewRootImpl.performTraversals:4804 android.view.ViewRootImpl.doTraversal:3924 android.view.ViewRootImpl$TraversalRunnable.run:12903 android.view.Choreographer$CallbackRecord.run:1901 
03-27 05:36:08.351  6094  6094 I VRI[VitaSuwayomiActivity]@7446d61: Relayout returned: old=(0,0,2160,1856) new=(0,0,2160,1856) relayoutAsync=true req=(2160,1856)0 dur=1 res=0x0 s={true 0xb4000074ac33cf90} ch=false seqId=0
03-27 05:36:08.351  6094  6094 D VRI[VitaSuwayomiActivity]@7446d61: mThreadedRenderer.updateSurface() mSurface={isValid=true 0xb4000074ac33cf90}
03-27 05:36:08.351  6094  6094 I VRI[VitaSuwayomiActivity]@7446d61: updateBoundsLayer: t=android.view.SurfaceControl$Transaction@a5467a4 sc=Surface(name=Bounds for - org.vitasuwayomi.app/org.vitasuwayomi.app.VitaSuwayomiActivity@0)/@0xa5c490d frame=3
03-27 05:36:08.351  6094  6094 D SurfaceComposerClient: setCornerRadius ## 2bbeaf3 SurfaceView[org.vitasuwayomi.app/org.vitasuwayomi.app.VitaSuwayomiActivity]@0#67785 cornerRadius=0.000000
03-27 05:36:08.351  6094  6094 I BLASTBufferQueue_Java: update, w= 2160 h= 1651 mName = 2bbeaf3 SurfaceView[org.vitasuwayomi.app/org.vitasuwayomi.app.VitaSuwayomiActivity]@0 mNativeObject= 0xb40000758c346290 sc.mNativeObject= 0xb40000741c327f10 format= 4 caller= android.view.SurfaceView.setBufferSize:1703 android.view.SurfaceView.performSurfaceTransaction:1238 android.view.SurfaceView.updateSurface:1467 android.view.SurfaceView.setFrame:716 android.view.View.layout:26931 android.widget.RelativeLayout.onLayout:1131 
03-27 05:36:08.351  6094  6094 I SV[45869811 VitaSuwayomiActivity]: pST: sr = Rect(0, 79 - 2160, 1730) sw = 2160 sh = 1651
03-27 05:36:08.351  6094  6094 I SV[45869811 VitaSuwayomiActivity]: updateSurface: mVisible = true mSurface.isValid() = true
03-27 05:36:08.351  6094  6094 I SV[45869811 VitaSuwayomiActivity]: updateSurface: mSurfaceCreated = true surfaceChanged = false visibleChanged = false
03-27 05:36:08.351  6094  6094 I SV[45869811 VitaSuwayomiActivity]: surfaceChanged (2160,1651) 0 #5 android.view.SurfaceView{2bbeaf3 V.E...... ......ID 0,0-2160,1651}
03-27 05:36:08.351  3031  7212 I WindowManager: Relayout Window{499ed1 u0 org.vitasuwayomi.app/org.vitasuwayomi.app.VitaSuwayomiActivity}: viewVisibility=0 req=2160x1856 ty=1 d0
03-27 05:36:08.351  3031  7212 D SurfaceComposerClient: setCornerRadius ## 499ed1 org.vitasuwayomi.app/org.vitasuwayomi.app.VitaSuwayomiActivity#67779 cornerRadius=0.000000
03-27 05:36:08.351  6094  6094 D SurfaceComposerClient: setCornerRadius ## 9aa077b SurfaceView[org.vitasuwayomi.app/org.vitasuwayomi.app.VitaSuwayomiActivity]@0#67788 cornerRadius=0.000000
03-27 05:36:08.351  6094  6094 I BLASTBufferQueue_Java: update, w= 2160 h= 1651 mName = 9aa077b SurfaceView[org.vitasuwayomi.app/org.vitasuwayomi.app.VitaSuwayomiActivity]@0 mNativeObject= 0xb40000758c34d300 sc.mNativeObject= 0xb40000741c326dd0 format= 1 caller= android.view.SurfaceView.setBufferSize:1703 android.view.SurfaceView.performSurfaceTransaction:1238 android.view.SurfaceView.updateSurface:1467 android.view.SurfaceView.setFrame:716 android.view.View.layout:26931 android.widget.RelativeLayout.onLayout:1131 
03-27 05:36:08.351  6094  6094 I SV[162137979 VitaSuwayomiActivity]: pST: sr = Rect(0, 79 - 2160, 1730) sw = 2160 sh = 1651
03-27 05:36:08.351  6094  6094 I SV[162137979 VitaSuwayomiActivity]: updateSurface: mVisible = true mSurface.isValid() = true
03-27 05:36:08.351  6094  6094 I SV[162137979 VitaSuwayomiActivity]: updateSurface: mSurfaceCreated = true surfaceChanged = false visibleChanged = false
03-27 05:36:08.351  6094  6094 I SV[162137979 VitaSuwayomiActivity]: surfaceChanged (2160,1651) 1 #5 org.libsdl.app.SDLSurface{9aa077b VFE...... .F....ID 0,0-2160,1651 aid=1073741824}
03-27 05:36:08.351  3031  7212 D SurfaceComposerClient: setCornerRadius ## 499ed1 org.vitasuwayomi.app/org.vitasuwayomi.app.VitaSuwayomiActivity#67779 cornerRadius=0.000000
03-27 05:36:08.354  6094  6094 D VRI[VitaSuwayomiActivity]@7446d61: Setup new sync=wmsSync-VRI[VitaSuwayomiActivity]@7446d61#6
03-27 05:36:08.355  6094  6094 I VRI[VitaSuwayomiActivity]@7446d61: Creating new active sync group VRI[VitaSuwayomiActivity]@7446d61#7
03-27 05:36:08.355  6094  6094 D VRI[VitaSuwayomiActivity]@7446d61: registerCallbacksForSync syncBuffer=false
03-27 05:36:08.356  6094  6125 I SV[45869811 VitaSuwayomiActivity]: uSP: rtp = Rect(0, 79 - 2160, 1730) rtsw = 2160 rtsh = 1651
03-27 05:36:08.356  6094  6125 I SV[45869811 VitaSuwayomiActivity]: onSSPAndSRT: pl = 0 pt = 79 sx = 1.0 sy = 1.0
03-27 05:36:08.356  6094  6125 I SV[45869811 VitaSuwayomiActivity]: aOrMT: VRI[VitaSuwayomiActivity]@7446d61 t = android.view.SurfaceControl$Transaction@5b8fb27 fN = 3 android.view.SurfaceView.-$$Nest$mapplyOrMergeTransaction:0 android.view.SurfaceView$SurfaceViewPositionUpdateListener.positionChanged:1932 android.graphics.RenderNode$CompositePositionUpdateListener.positionChanged:401 
03-27 05:36:08.356  6094  6125 I VRI[VitaSuwayomiActivity]@7446d61: mWNT: t=0xb40000752c351590 mBlastBufferQueue=0xb40000758c3492c0 fn= 3 HdrRenderState mRenderHdrSdrRatio=1.0 caller= android.view.SurfaceView.applyOrMergeTransaction:1863 android.view.SurfaceView.-$$Nest$mapplyOrMergeTransaction:0 android.view.SurfaceView$SurfaceViewPositionUpdateListener.positionChanged:1932 
03-27 05:36:08.356  6094  6125 I SV[162137979 VitaSuwayomiActivity]: uSP: rtp = Rect(0, 79 - 2160, 1730) rtsw = 2160 rtsh = 1651
03-27 05:36:08.356  6094  6125 I SV[162137979 VitaSuwayomiActivity]: onSSPAndSRT: pl = 0 pt = 79 sx = 1.0 sy = 1.0
03-27 05:36:08.356  6094  6125 I SV[162137979 VitaSuwayomiActivity]: aOrMT: VRI[VitaSuwayomiActivity]@7446d61 t = android.view.SurfaceControl$Transaction@37301d4 fN = 3 android.view.SurfaceView.-$$Nest$mapplyOrMergeTransaction:0 android.view.SurfaceView$SurfaceViewPositionUpdateListener.positionChanged:1932 android.graphics.RenderNode$CompositePositionUpdateListener.positionChanged:401 
03-27 05:36:08.356  6094  6125 I VRI[VitaSuwayomiActivity]@7446d61: mWNT: t=0xb40000752c350790 mBlastBufferQueue=0xb40000758c3492c0 fn= 3 HdrRenderState mRenderHdrSdrRatio=1.0 caller= android.view.SurfaceView.applyOrMergeTransaction:1863 android.view.SurfaceView.-$$Nest$mapplyOrMergeTransaction:0 android.view.SurfaceView$SurfaceViewPositionUpdateListener.positionChanged:1932 
03-27 05:36:08.356  6094  6135 D VRI[VitaSuwayomiActivity]@7446d61: Received frameDrawingCallback syncResult=0 frameNum=3.
03-27 05:36:08.356  6094  6135 I VRI[VitaSuwayomiActivity]@7446d61: mWNT: t=0xb40000752c34fed0 mBlastBufferQueue=0xb40000758c3492c0 fn= 3 HdrRenderState mRenderHdrSdrRatio=1.0 caller= android.view.ViewRootImpl$12.onFrameDraw:15441 android.view.ThreadedRenderer$1.onFrameDraw:718 <bottom of call stack> 
03-27 05:36:08.356  6094  6135 I VRI[VitaSuwayomiActivity]@7446d61: Setting up sync and frameCommitCallback
03-27 05:36:08.364  3031  3121 D SurfaceComposerClient: setCornerRadius ## 499ed1 org.vitasuwayomi.app/org.vitasuwayomi.app.VitaSuwayomiActivity#67779 cornerRadius=0.000000
03-27 05:36:08.365  3031  3124 D SurfaceComposerClient: setCornerRadius ## 499ed1 org.vitasuwayomi.app/org.vitasuwayomi.app.VitaSuwayomiActivity#67779 cornerRadius=0.000000
03-27 05:36:08.366  3031  3124 D SurfaceComposerClient: setCornerRadius ## 499ed1 org.vitasuwayomi.app/org.vitasuwayomi.app.VitaSuwayomiActivity#67779 cornerRadius=0.000000
03-27 05:36:08.368  3031  3123 D SurfaceComposerClient: setCornerRadius ## 499ed1 org.vitasuwayomi.app/org.vitasuwayomi.app.VitaSuwayomiActivity#67779 cornerRadius=0.000000
03-27 05:36:08.371  3031  3124 D SurfaceComposerClient: setCornerRadius ## 499ed1 org.vitasuwayomi.app/org.vitasuwayomi.app.VitaSuwayomiActivity#67779 cornerRadius=0.000000
03-27 05:36:08.377  3031  7214 D SurfaceComposerClient: setCornerRadius ## 499ed1 org.vitasuwayomi.app/org.vitasuwayomi.app.VitaSuwayomiActivity#67779 cornerRadius=0.000000
03-27 05:36:08.378  3031  7214 D SurfaceComposerClient: setCornerRadius ## 499ed1 org.vitasuwayomi.app/org.vitasuwayomi.app.VitaSuwayomiActivity#67779 cornerRadius=0.000000
03-27 05:36:08.380  6094  6125 I VRI[VitaSuwayomiActivity]@7446d61: Received frameCommittedCallback lastAttemptedDrawFrameNum=3 didProduceBuffer=true
03-27 05:36:08.381  6094  6094 D VRI[VitaSuwayomiActivity]@7446d61: reportDrawFinished seqId=0
03-27 05:36:08.381  3031  7214 D WindowManager: finishDrawingWindow: Window{499ed1 u0 org.vitasuwayomi.app/org.vitasuwayomi.app.VitaSuwayomiActivity} mDrawState=DRAW_PENDING seqId=0
03-27 05:36:08.381  3031  7214 I WindowManager: finishDrawing of orientation change: Window{499ed1 u0 org.vitasuwayomi.app/org.vitasuwayomi.app.VitaSuwayomiActivity} 38ms
03-27 05:36:08.381  3031  3124 D SurfaceComposerClient: setCornerRadius ## 499ed1 org.vitasuwayomi.app/org.vitasuwayomi.app.VitaSuwayomiActivity#67779 cornerRadius=0.000000
03-27 05:36:08.382  3031  3124 V WindowManager: performShowLocked: mDrawState=HAS_DRAWN in Window{499ed1 u0 org.vitasuwayomi.app/org.vitasuwayomi.app.VitaSuwayomiActivity}
03-27 05:36:08.382  3031  3124 D SurfaceComposerClient: setCornerRadius ## 499ed1 org.vitasuwayomi.app/org.vitasuwayomi.app.VitaSuwayomiActivity#67779 cornerRadius=0.000000
03-27 05:36:08.382  3031  3124 D ChangeTransitionController:    ChangeInfo{ef82f22 container=ActivityRecord{142703544 u0 org.vitasuwayomi.app/.VitaSuwayomiActivity t6968} flags=0x0}
03-27 05:36:08.382  3031  3124 V WindowManager: Start calculating TransitionInfo based on participants: {WallpaperWindowToken{2ebe8af showWhenLocked=true}_<lock|primary>, Task{46d5291 #6613 type=home I=com.sec.android.app.launcher/.activities.LauncherActivity}, Display{#0 state=ON size=2160x1856 ROTATION_90}, ActivityRecord{142703544 u0 org.vitasuwayomi.app/.VitaSuwayomiActivity t6968}, Task{b23ed91 #6968 type=standard A=10658:org.vitasuwayomi.app}}
03-27 05:36:08.383  3031  3124 I SurfaceControlRegistry: show, t=StartTransaction_SyncId<4151> sc=ActivityRecord{142703544 u0 org.vitasuwayomi.app/.VitaSuwayomiActivity t6968}, caller=android.view.SurfaceControl$Transaction.show:3557 com.android.server.wm.Transition.onTransactionReady:2048 com.android.server.wm.BLASTSyncEngine$SyncGroup.finishNow:245 com.android.server.wm.BLASTSyncEngine.onSurfacePlacement:263 com.android.server.wm.RootWindowContainer.performSurfacePlacementNoTrace:1110 com.android.server.wm.WindowSurfacePlacer.performSurfacePlacement:166 
03-27 05:36:08.390  3031  3056 V WindowManager:    ChangeInfo{bbec83d container=ActivityRecord{142703544 u0 org.vitasuwayomi.app/.VitaSuwayomiActivity t6968} flags=0x0}
03-27 05:36:08.391  3031  3056 D ChangeTransitionController:    ChangeInfo{bbec83d container=ActivityRecord{142703544 u0 org.vitasuwayomi.app/.VitaSuwayomiActivity t6968} flags=0x0}
03-27 05:36:08.393  3031  3124 D SurfaceComposerClient: setCornerRadius ## 499ed1 org.vitasuwayomi.app/org.vitasuwayomi.app.VitaSuwayomiActivity#67779 cornerRadius=0.000000
03-27 05:36:08.403  3031  3124 D SurfaceComposerClient: setCornerRadius ## 499ed1 org.vitasuwayomi.app/org.vitasuwayomi.app.VitaSuwayomiActivity#67779 cornerRadius=0.000000
03-27 05:36:08.420  2180  2180 D SurfaceFlinger:        CLIENT |                        0 | 00000002 | N/A          |    0.0    0.0    0.0    0.0 |  228    0 1886 1856 | Background for 2bbeaf3 SurfaceView[o[...]mi.app.VitaSuwayomiActivity]@0#67787 (0)
03-27 05:36:08.420  2180  2180 D SurfaceFlinger:        CLIENT |           26173530701826 | 00002100 | RGBA_8888    |  149.0    0.0 2011.0 1856.0 |  149    0 2012 1856 | org.vitasuwayomi.app/org.vitasuwayomi.app.VitaSuwayomiActivity$_6094#67780 (3)
03-27 05:36:08.430  3031  4672 D SurfaceComposerClient: setCornerRadius ## 499ed1 org.vitasuwayomi.app/org.vitasuwayomi.app.VitaSuwayomiActivity#67779 cornerRadius=0.000000
03-27 05:36:08.430  3031  4672 D SurfaceComposerClient: setCornerRadius ## 499ed1 org.vitasuwayomi.app/org.vitasuwayomi.app.VitaSuwayomiActivity#67779 cornerRadius=0.000000
03-27 05:36:08.432  3031  6341 I WindowManager: Cancelling animation restarting=false, leash=Surface(name=Surface(name=499ed1 org.vitasuwayomi.app/org.vitasuwayomi.app.VitaSuwayomiActivity)/@0x1ede41 - animation-leash of starting_reveal)/@0x95a5927
03-27 05:36:08.432  3031  6341 I WindowManager: Reparenting to original parent: Surface(name=ActivityRecord{142703544 u0 org.vitasuwayomi.app/.VitaSuwayomiActivity t6968})/@0xc229fe6, destroy=false, surface=Surface(name=499ed1 org.vitasuwayomi.app/org.vitasuwayomi.app.VitaSuwayomiActivity)/@0x1ede41
03-27 05:36:08.433  3031  6341 D SurfaceComposerClient: setCornerRadius ## 499ed1 org.vitasuwayomi.app/org.vitasuwayomi.app.VitaSuwayomiActivity#67779 cornerRadius=0.000000
03-27 05:36:08.433  3031  6341 D SurfaceComposerClient: setCornerRadius ## 499ed1 org.vitasuwayomi.app/org.vitasuwayomi.app.VitaSuwayomiActivity#67779 cornerRadius=0.000000
03-27 05:36:08.435  3031  3124 D SurfaceComposerClient: setCornerRadius ## 499ed1 org.vitasuwayomi.app/org.vitasuwayomi.app.VitaSuwayomiActivity#67779 cornerRadius=0.000000
03-27 05:36:08.435  4997  7654 I VRI[TaskbarWindow]@916c40f: Received ready transaction from native, debugName=syncBuffer_VRI[TaskbarWindow]@916c40f#62
03-27 05:36:08.438  3031  4672 D SurfaceComposerClient: setCornerRadius ## 499ed1 org.vitasuwayomi.app/org.vitasuwayomi.app.VitaSuwayomiActivity#67779 cornerRadius=0.000000
03-27 05:36:08.438  3031  4672 D SurfaceComposerClient: setCornerRadius ## 499ed1 org.vitasuwayomi.app/org.vitasuwayomi.app.VitaSuwayomiActivity#67779 cornerRadius=0.000000
03-27 05:36:08.439  3031  3124 D SurfaceComposerClient: setCornerRadius ## 499ed1 org.vitasuwayomi.app/org.vitasuwayomi.app.VitaSuwayomiActivity#67779 cornerRadius=0.000000
03-27 05:36:08.440  3031  5375 D SurfaceComposerClient: setCornerRadius ## 499ed1 org.vitasuwayomi.app/org.vitasuwayomi.app.VitaSuwayomiActivity#67779 cornerRadius=0.000000
03-27 05:36:08.440  3031  5375 D SurfaceComposerClient: setCornerRadius ## 499ed1 org.vitasuwayomi.app/org.vitasuwayomi.app.VitaSuwayomiActivity#67779 cornerRadius=0.000000
03-27 05:36:08.441  4997  7654 I VRI[CocktailBarService]@26ee9a4: Received ready transaction from native, debugName=syncBuffer_VRI[CocktailBarService]@26ee9a4#65
03-27 05:36:08.442  2180  2180 I SurfaceFlinger: [LayerHierarchy{RequestedLayerState{ImeContainer#16 parentId=67768 relativeParentId=67779 z=1} 1 children}] RelativeParent to LayerHierarchy{RequestedLayerState{499ed1 org.vitasuwayomi.app/org.vitasuwayomi.app.VitaSuwayomiActivity#67779 parentId=67768} 2 children}
03-27 05:36:08.442  2180  2180 I SurfaceFlinger: [LayerHierarchy{RequestedLayerState{499ed1 org.vitasuwayomi.app/org.vitasuwayomi.app.VitaSuwayomiActivity#67779 parentId=67768} 2 children}] reparent to LayerHierarchy{RequestedLayerState{ActivityRecord{142703544 u0 org.vitasuwayomi.app/.VitaSuwayomiActivity t6968}#67768 parentId=67767} 4 children}
03-27 05:36:08.442  2180  2180 I SurfaceFlinger: [LayerHierarchy{RequestedLayerState{Surface(name=499ed1 org.vitasuwayomi.app/org.vitasuwayomi.app.VitaSuwayomiActivity)/@0x1ede41 - animation-leash of starting_reveal#67791} no children}] reparent to OffscreenRoot
03-27 05:36:08.442  2180  2180 I SurfaceFlinger: [LayerHierarchy{RequestedLayerState{Surface(name=499ed1 org.vitasuwayomi.app/org.vitasuwayomi.app.VitaSuwayomiActivity)/@0x1ede41 - animation-leash of starting_reveal#67791} no children}] RelativeParent to null
03-27 05:36:08.445  3031  3124 D SurfaceComposerClient: setCornerRadius ## 499ed1 org.vitasuwayomi.app/org.vitasuwayomi.app.VitaSuwayomiActivity#67779 cornerRadius=0.000000
03-27 05:36:08.446  3031  3124 D SurfaceComposerClient: setCornerRadius ## 499ed1 org.vitasuwayomi.app/org.vitasuwayomi.app.VitaSuwayomiActivity#67779 cornerRadius=0.000000
03-27 05:36:08.449  4574  4574 D DisplayLifecycle: updateCacheVariables id = 1, display = Display id 1: DisplayInfo{"Built-in Screen", displayId 1, displayGroupId 0, FLAG_SECURE, FLAG_SUPPORTS_PROTECTED_BUFFERS, FLAG_PRESENTATION, FLAG_TRUSTED, FLAG_ALLOWS_CONTENT_MODE_SWITCH, real 2376 x 968, largest app 2376 x 2376, smallest app 968 x 968, appVsyncOff 16666666, presDeadline 17666666, mode 10, renderFrameRate 60.000004, hasArrSupport false, frameRateCategoryRate FrameRateCategoryRate {normal=60.0, high=90.0}, supportedRefreshRates [120.00001, 80.0, 60.000004, 48.000004, 30.000002, 24.000002, 10.0], defaultMode 8, REFRESH_RATE_MODE_SEAMLESS, userPreferredModeId -1, supportedModes [{id=8, width=968, height=2376, fps=120.00001, vsync=120.00001, synthetic=false, alternativeRefreshRates=[10.0, 24.000002, 30.000002, 48.000004, 60.000004, 80.0], supportedHdrTypes=[2, 3, 4]}, {id=9, width=968, height=2376, fps=80.0, vsync=80.0, synthetic=false, alternativeRefreshRates=[10.0, 24.000002, 30.000002, 48.000004, 60.000004, 120.00001], supportedHdrTypes=[2, 3, 4]}, {id=10, width=968, height=2376, fps=60.000004, vsync=60.000004, synthetic=false, alternativeRefreshRates=[10.0, 24.000002, 30.000002, 48.000004, 80.0, 120.00001], supportedHdrTypes=[2, 3, 4]}, {id=11, width=968, height=2376, fps=48.000004, vsync=48.000004, synthetic=false, alternativeRefreshRates=[10.0, 24.000002, 30.000002, 60.000004, 80.0, 120.00001], supportedHdrTypes=[2, 3, 4]}, {id=12, width=968, height=2376, fps=30.000002, vsync=30.000002, synthetic=false, alternativeRefreshRates=[10.0, 24.000002, 48.000004, 60.000004, 80.0, 120.00001], supportedHdrTypes=[2, 3, 4]}, {id=13, width=968, height=2376, fps=24.000002, vsync=24.000002, synthetic=false, alternativeRefreshRates=[10.0, 30.000002, 48.000004, 60.000004, 80.0, 120.00001], supportedHdrTypes=[2, 3, 4]}, {id=14, width=968, height=2376, fps=10.0, vsync=10.0, synthetic=false, alternativeRefreshRates=[24.000002, 30.000002, 48.000004, 60.000004, 80.0, 120.00001], supportedHdrTypes=[2, 3, 4]}], appsSupportedModes [{id=8, width=968, height=2376, fps=120.00001, vsync=120.00001, synthetic=false, alternativeRefreshRates=[10.0, 24.000002, 30.000002, 48.000004, 60.000004, 80.0], supportedHdrTypes=[2, 3, 4]}, {id=9, width=968, height=2376, fps=80.0, vsync=80.0, synthetic=false, alternativeRefreshRates=[10.0, 24.000002, 30.000002, 48.000004, 60.000004, 120.00001], supportedHdrTypes=[2, 3, 4]}, {id=10, width=968, height=2376, fps=60.000004, vsync=60.000004, synthetic=false, alternativeRefreshRates=[10.0, 24.000002, 30.000002, 48.000004, 80.0, 120.00001], supportedHdrTypes=[2, 3, 4]}, {id=11, width=968, height=2376, fps=48.000004, vsync=48.000004, synthetic=false, alternativeRefreshRates=[10.0, 24.000002, 30.000002, 60.000004, 80.0, 120.00001], supportedHdrTypes=[2, 3, 4]}, {id=12, width=968, height=2376, fps=30.000002, vsync=30.000002, synthetic=false, alternativeRefreshRates=[10.0, 24.000002, 48.000004, 60.000004, 80.0, 120.00001], supportedHdrTypes=[2, 3, 4]}, {id=13, width=968, height=2376, fps=24.000002, vsync=24.000002, synthetic=false, alternativeRefreshRates=[10.0, 30.000002, 48.000004, 60.000004, 80.0, 120.00001], supportedHdrTypes=[2, 3, 4]}, {id=14, width=968, height=2376, fps=10.0, vsync=10.0, synthetic=false, alternativeRefreshRates=[24.000002, 30.000002, 48.000004, 60.000004, 80.0, 120.00001], supportedHdrTypes=[2, 3, 4]}], hdrCapabilities HdrCapabilities{mSupportedHdrTypes=[2, 3, 4], mMaxLuminance=450.0, mMaxAverageLuminance=225.00024, mMinLuminance=5.0E-4}, isForceSdr false, userDisabledHdrTypes [], minimalPostProcessingSupported false, rotation 3, state OFF, committedState OFF}, DisplayMetrics{density=2.625, width=2376, height=968, scaledDensity=2.625, xdpi=416.732, ydpi=410.546}, isValid=true, size = Point(2376, 968), realSize = Point(2376, 968), rotation = 3
03-27 05:36:08.461  3031  3124 D SurfaceComposerClient: setCornerRadius ## 499ed1 org.vitasuwayomi.app/org.vitasuwayomi.app.VitaSuwayomiActivity#67779 cornerRadius=0.000000
03-27 05:36:08.462  2180  2180 D SurfaceFlinger:        CLIENT |                        0 | 00000002 | N/A          |    0.0    0.0    0.0    0.0 |   74    0 2040 1856 | Background for 2bbeaf3 SurfaceView[o[...]mi.app.VitaSuwayomiActivity]@0#67787 (0)
03-27 05:36:08.462  2180  2180 D SurfaceFlinger:        CLIENT |           26173530701826 | 00002100 | RGBA_8888    |    0.0    0.0 2160.0 1856.0 |    0    0 2160 1856 | org.vitasuwayomi.app/org.vitasuwayomi.app.VitaSuwayomiActivity$_6094#67780 (3)
03-27 05:36:08.471  3031  7214 D SurfaceComposerClient: setCornerRadius ## 499ed1 org.vitasuwayomi.app/org.vitasuwayomi.app.VitaSuwayomiActivity#67779 cornerRadius=0.000000
03-27 05:36:08.471  3031  7214 D SurfaceComposerClient: setCornerRadius ## 499ed1 org.vitasuwayomi.app/org.vitasuwayomi.app.VitaSuwayomiActivity#67779 cornerRadius=0.000000
03-27 05:36:08.477  3031  5375 D SurfaceComposerClient: setCornerRadius ## 499ed1 org.vitasuwayomi.app/org.vitasuwayomi.app.VitaSuwayomiActivity#67779 cornerRadius=0.000000
