03-27 04:47:28.958  2180  2180 I SurfaceFlinger: [LayerHierarchy{RequestedLayerState{9e84180 org.vitasuwayomi.app/org.vitasuwayomi.app.VitaSuwayomiActivity#66236 parentId=66225} 1 children}] reparent to LayerHierarchy{RequestedLayerState{ActivityRecord{117075935 u0 org.vitasuwayomi.app/.VitaSuwayomiActivity t6961}#66225 parentId=66224} 4 children}
03-27 04:47:28.958  2180  2180 I SurfaceFlinger: [LayerHierarchy{RequestedLayerState{Surface(name=9e84180 org.vitasuwayomi.app/org.vitasuwayomi.app.VitaSuwayomiActivity)/@0x5e3f796 - animation-leash of starting_reveal#66252} no children}] reparent to OffscreenRoot
03-27 04:47:28.958  2180  2180 I SurfaceFlinger: [LayerHierarchy{RequestedLayerState{Surface(name=9e84180 org.vitasuwayomi.app/org.vitasuwayomi.app.VitaSuwayomiActivity)/@0x5e3f796 - animation-leash of starting_reveal#66252} no children}] RelativeParent to null
03-27 04:47:28.963  2180  2180 D SurfaceFlinger:        CLIENT |                        0 | 00000002 | N/A          |    0.0    0.0    0.0    0.0 |  149  114 1829 1701 | Background for 2bbeaf3 SurfaceView[o[...]mi.app.VitaSuwayomiActivity]@0#66244 (0)
03-27 04:47:28.963  2180  2180 D SurfaceFlinger:        CLIENT |          134788958650368 | 00002100 | RGBA_8888    |   14.0   24.0 2141.0 1856.0 |   80  114 1921 1701 | org.vitasuwayomi.app/org.vitasuwayomi.app.VitaSuwayomiActivity$_31383#66237 (1)
03-27 04:47:29.245  3031  3056 V WindowManager:    ChangeInfo{f5837ad container=ActivityRecord{117075935 u0 org.vitasuwayomi.app/.VitaSuwayomiActivity t6961 f}} flags=0x0}
03-27 04:47:29.247  3031  3056 D ChangeTransitionController:    ChangeInfo{f5837ad container=ActivityRecord{117075935 u0 org.vitasuwayomi.app/.VitaSuwayomiActivity t6961 f}} flags=0x0}
03-27 04:47:29.247  3031  3056 V WindowManager:    ChangeInfo{d46b9e3 container=ActivityRecord{117075935 u0 org.vitasuwayomi.app/.VitaSuwayomiActivity t6961 f}} flags=0x0}
03-27 04:47:29.247  3031  3056 V WindowManager: Setting visibility of Window{9e84180 u0 org.vitasuwayomi.app/org.vitasuwayomi.app.VitaSuwayomiActivity}: false, caller=com.android.server.wm.WindowContainer.sendAppVisibilityToClients:19 com.android.server.wm.WindowToken.setClientVisible:48 com.android.server.wm.ActivityRecord.commitVisibility:186 com.android.server.wm.TransitionController.finishTransition:844 com.android.server.wm.WindowOrganizerController.finishTransitionInner:31 
03-27 04:47:29.249  3031  3056 D ChangeTransitionController:    ChangeInfo{d46b9e3 container=ActivityRecord{117075935 u0 org.vitasuwayomi.app/.VitaSuwayomiActivity t6961 f}} flags=0x0}
03-27 04:47:29.249 31383 31383 I VRI[VitaSuwayomiActivity]@7446d61: handleAppVisibility mAppVisible = true visible = false
03-27 04:47:29.250 31383 31383 D VRI[VitaSuwayomiActivity]@7446d61: visibilityChanged oldVisibility=true newVisibility=false
03-27 04:47:29.250 31383 31383 I VRI[VitaSuwayomiActivity]@7446d61: stopped(true) old = false
03-27 04:47:29.250 31383 31383 D VRI[VitaSuwayomiActivity]@7446d61: WindowStopped on org.vitasuwayomi.app/org.vitasuwayomi.app.VitaSuwayomiActivity set to true
03-27 04:47:29.254 31383 31398 I SV[45869811 VitaSuwayomiActivity]: aOrMT: VRI[VitaSuwayomiActivity]@7446d61 t = android.view.SurfaceControl$Transaction@49b40c2 fN = 0 android.view.SurfaceView.-$$Nest$mapplyOrMergeTransaction:0 android.view.SurfaceView$SurfaceViewPositionUpdateListener.positionLost:2025 android.graphics.RenderNode$CompositePositionUpdateListener.positionLost:418 
03-27 04:47:29.254 31383 31398 I VRI[VitaSuwayomiActivity]@7446d61: mWNT: t=0xb40000752c341450 mBlastBufferQueue=0xb40000758c3492c0 fn= 0 HdrRenderState mRenderHdrSdrRatio=1.0 caller= android.view.SurfaceView.applyOrMergeTransaction:1863 android.view.SurfaceView.-$$Nest$mapplyOrMergeTransaction:0 android.view.SurfaceView$SurfaceViewPositionUpdateListener.positionLost:2025 
03-27 04:47:29.257  4997  4997 I HoneySpace.HistoryCellLayout@109117504: addItem [0] (0, 0) width=264, height=127, spanX=1, spanY=1, view=com.honeyspace.ui.common.iconview.IconViewImpl{ec38669 V.ED..CL. ......ID 0,0-0,0 #7f0a02ed app:id/icon} - VitaSuwayomi, visibility:0, alpha:1.0, badge:0, icon:144x144, iconAlpha:255, iconState:NONE, iconSize:88, forceHideBadge:false, isTransparent:false, x=0, y=0
03-27 04:47:29.257 31383 31398 I SV[162137979 VitaSuwayomiActivity]: aOrMT: VRI[VitaSuwayomiActivity]@7446d61 t = android.view.SurfaceControl$Transaction@b425a10 fN = 0 android.view.SurfaceView.-$$Nest$mapplyOrMergeTransaction:0 android.view.SurfaceView$SurfaceViewPositionUpdateListener.positionLost:2025 android.graphics.RenderNode$CompositePositionUpdateListener.positionLost:418 
03-27 04:47:29.257 31383 31398 I VRI[VitaSuwayomiActivity]@7446d61: mWNT: t=0xb40000752c3409d0 mBlastBufferQueue=0xb40000758c3492c0 fn= 0 HdrRenderState mRenderHdrSdrRatio=1.0 caller= android.view.SurfaceView.applyOrMergeTransaction:1863 android.view.SurfaceView.-$$Nest$mapplyOrMergeTransaction:0 android.view.SurfaceView$SurfaceViewPositionUpdateListener.positionLost:2025 
03-27 04:47:29.258  2180  2180 I SurfaceFlinger: RequestedLayer [org.vitasuwayomi.app/org.vitasuwayomi.app.VitaSuwayomiActivity$_31383#66237] hidden!! flag  from(0) --> to(1)
03-27 04:47:29.258  2180  2180 I SurfaceFlinger: RequestedLayer [ActivityRecord{117075935 u0 org.vita[...]p/.VitaSuwayomiActivity t6961}#66225] hidden!! flag  from(0) --> to(1)
03-27 04:47:29.258  2180  2180 I SurfaceFlinger: RequestedLayer [2bbeaf3 SurfaceView[org.vitasuwayomi[...]mi.app.VitaSuwayomiActivity]@0#66242] hidden!! flag  from(0) --> to(1)
03-27 04:47:29.258  2180  2180 I SurfaceFlinger: RequestedLayer [9aa077b SurfaceView[org.vitasuwayomi[...]mi.app.VitaSuwayomiActivity]@0#66245] hidden!! flag  from(0) --> to(1)
03-27 04:47:29.258 31383 31383 I SV[45869811 VitaSuwayomiActivity]: windowStopped(true) false android.view.SurfaceView{2bbeaf3 V.E...... ........ 0,0-1856,1940} of VRI[VitaSuwayomiActivity]@7446d61
03-27 04:47:29.259 31383 31383 D SurfaceComposerClient: setCornerRadius ## 2bbeaf3 SurfaceView[org.vitasuwayomi.app/org.vitasuwayomi.app.VitaSuwayomiActivity]@0#66242 cornerRadius=0.000000
03-27 04:47:29.259 31383 31383 I SV[45869811 VitaSuwayomiActivity]: surfaceDestroyed callback.size 0 #1 android.view.SurfaceView{2bbeaf3 V.E...... ........ 0,0-1856,1940}
03-27 04:47:29.259 31383 31383 I SV[45869811 VitaSuwayomiActivity]: updateSurface: mVisible = false mSurface.isValid() = true
03-27 04:47:29.259 31383 31383 I SV[45869811 VitaSuwayomiActivity]: releaseSurfaces: viewRoot = VRI[VitaSuwayomiActivity]@7446d61
03-27 04:47:29.259 31383 31383 I SV[162137979 VitaSuwayomiActivity]: windowStopped(true) false org.libsdl.app.SDLSurface{9aa077b VFE...... .F...... 0,0-1856,1940} of VRI[VitaSuwayomiActivity]@7446d61
03-27 04:47:29.260 31383 31383 D SurfaceComposerClient: setCornerRadius ## 9aa077b SurfaceView[org.vitasuwayomi.app/org.vitasuwayomi.app.VitaSuwayomiActivity]@0#66245 cornerRadius=0.000000
03-27 04:47:29.260 31383 31383 I SV[162137979 VitaSuwayomiActivity]: surfaceDestroyed callback.size 1 #1 org.libsdl.app.SDLSurface{9aa077b VFE...... .F...... 0,0-1856,1940}
03-27 04:47:29.264 31383 31383 I SV[162137979 VitaSuwayomiActivity]: updateSurface: mVisible = false mSurface.isValid() = true
03-27 04:47:29.264 31383 31383 I SV[162137979 VitaSuwayomiActivity]: releaseSurfaces: viewRoot = VRI[VitaSuwayomiActivity]@7446d61
03-27 04:47:29.267  2180  2180 I SurfaceFlinger: [LayerHierarchy{RequestedLayerState{Bounds for - org.vitasuwayomi.app/org.vitasuwayomi.app.VitaSuwayomiActivity@0#66241} 2 children}] reparent to OffscreenRoot
03-27 04:47:29.267  2180  2180 I SurfaceFlinger: [LayerHierarchy{RequestedLayerState{Bounds for - org.vitasuwayomi.app/org.vitasuwayomi.app.VitaSuwayomiActivity@0#66241} 2 children}] RelativeParent to null
03-27 04:47:29.267  2180  2180 I SurfaceFlinger: id=66241 Removed Bounds for - org.vitasuwayomi.app/org.vitasuwayomi.app.VitaSuwayomiActivity@0#66241 (229)
03-27 04:47:29.275  2180  2180 I SurfaceFlinger: destroyed Bounds for - org.vitasuwayomi.app/org.vitasuwayomi.app.VitaSuwayomiActivity@0#66241 form LifecycleManager
03-27 04:47:29.275  2180  2180 I SurfaceFlinger: id=66241 onLayerDestroyed from LayerHierarchyBuilder(RequestedLayerState{Bounds for - org.vitasuwayomi.app/org.vitasuwayomi.app.VitaSuwayomiActivity@0#66241 !handle})
03-27 04:47:29.275 31383 31383 I AndroidRuntime: VM exiting with result code 0, cleanup skipped.
03-27 04:47:29.275  2180  2180 I Layer   : id=66241 Destroyed Bounds for - org.vitasuwayomi.app/org.vitasuwayomi.app.VitaSuwayomiActivity@0#66241
03-27 04:47:29.289  3031  3222 V DisplayPowerController[0]: Brightness [0.18431373] reason changing to: 'last_target', previous reason: 'override(org.vitasuwayomi.app/org.vitasuwayomi.app.VitaSuwayomiActivity)'.
03-27 04:47:29.305  3031  6357 I WindowManager: WIN DEATH: Window{9e84180 u0 org.vitasuwayomi.app/org.vitasuwayomi.app.VitaSuwayomiActivity}
03-27 04:47:29.305  3031  6357 V WindowManager: Remove Window{9e84180 u0 org.vitasuwayomi.app/org.vitasuwayomi.app.VitaSuwayomiActivity}: mSurfaceControl=Surface(name=org.vitasuwayomi.app/org.vitasuwayomi.app.VitaSuwayomiActivity$_31383)/@0xf7e708a mAnimatingExit=false mRemoveOnExit=false mHasSurface=true surfaceShowing=false animating=false app-animation=false callers=com.android.server.wm.Session.binderDied:85 android.os.IBinder$DeathRecipient.binderDied:346 android.os.BinderProxy.sendDeathNotice:848 <bottom of call stack> <bottom of call stack> <bottom of call stack> 
03-27 04:47:29.305  2180  2311 I SurfaceFlinger: id=66244 Removed Background for 2bbeaf3 SurfaceView[org.vitasuwayomi.app/org.vitasuwayomi.app.VitaSuwayomiActivity]@0#66244 (227)
03-27 04:47:29.305  2180  2311 I SurfaceFlinger: id=66245 Removed 9aa077b SurfaceView[org.vitasuwayomi.app/org.vitasuwayomi.app.VitaSuwayomiActivity]@0#66245 (227)
03-27 04:47:29.305  2180  2311 I SurfaceFlinger: id=66246 Removed 9aa077b SurfaceView[org.vitasuwayomi.app/org.vitasuwayomi.app.VitaSuwayomiActivity]@0(BLAST)#66246 (227)
03-27 04:47:29.305  2180  2311 I SurfaceFlinger: id=66247 Removed Background for 9aa077b SurfaceView[org.vitasuwayomi.app/org.vitasuwayomi.app.VitaSuwayomiActivity]@0#66247 (227)
03-27 04:47:29.305  2180  4229 I SurfaceFlinger: id=66242 Removed 2bbeaf3 SurfaceView[org.vitasuwayomi.app/org.vitasuwayomi.app.VitaSuwayomiActivity]@0#66242 (227)
03-27 04:47:29.305  2180  4229 I SurfaceFlinger: id=66243 Removed 2bbeaf3 SurfaceView[org.vitasuwayomi.app/org.vitasuwayomi.app.VitaSuwayomiActivity]@0(BLAST)#66243 (227)
03-27 04:47:29.308  2180  2180 I SurfaceFlinger: destroyed Background for 9aa077b SurfaceView[org.vitasuwayomi.app/org.vitasuwayomi.app.VitaSuwayomiActivity]@0#66247 form LifecycleManager
03-27 04:47:29.308  2180  2180 I SurfaceFlinger: destroyed 9aa077b SurfaceView[org.vitasuwayomi.app/org.vitasuwayomi.app.VitaSuwayomiActivity]@0(BLAST)#66246 form LifecycleManager
03-27 04:47:29.308  2180  2180 I SurfaceFlinger: destroyed 9aa077b SurfaceView[org.vitasuwayomi.app/org.vitasuwayomi.app.VitaSuwayomiActivity]@0#66245 form LifecycleManager
03-27 04:47:29.308  2180  2180 I SurfaceFlinger: destroyed Background for 2bbeaf3 SurfaceView[org.vitasuwayomi.app/org.vitasuwayomi.app.VitaSuwayomiActivity]@0#66244 form LifecycleManager
03-27 04:47:29.308  2180  2180 I SurfaceFlinger: destroyed 2bbeaf3 SurfaceView[org.vitasuwayomi.app/org.vitasuwayomi.app.VitaSuwayomiActivity]@0(BLAST)#66243 form LifecycleManager
03-27 04:47:29.308  2180  2180 I SurfaceFlinger: destroyed 2bbeaf3 SurfaceView[org.vitasuwayomi.app/org.vitasuwayomi.app.VitaSuwayomiActivity]@0#66242 form LifecycleManager
03-27 04:47:29.308  2180  2180 I SurfaceFlinger: id=66247 onLayerDestroyed from LayerHierarchyBuilder(RequestedLayerState{Background for 9aa077b SurfaceView[org.vitasuwayomi.app/org.vitasuwayomi.app.VitaSuwayomiActivity]@0#66247 !handle z=-2147483648})
03-27 04:47:29.308  2180  2180 I SurfaceFlinger: id=66246 onLayerDestroyed from LayerHierarchyBuilder(RequestedLayerState{9aa077b SurfaceView[org.vitasuwayomi.app/org.vitasuwayomi.app.VitaSuwayomiActivity]@0(BLAST)#66246 !handle})
03-27 04:47:29.308  2180  2180 I SurfaceFlinger: id=66245 onLayerDestroyed from LayerHierarchyBuilder(RequestedLayerState{9aa077b SurfaceView[org.vitasuwayomi.app/org.vitasuwayomi.app.VitaSuwayomiActivity]@0#66245 !handle z=1})
03-27 04:47:29.308  2180  2180 I SurfaceFlinger: id=66244 onLayerDestroyed from LayerHierarchyBuilder(RequestedLayerState{Background for 2bbeaf3 SurfaceView[org.vitasuwayomi.app/org.vitasuwayomi.app.VitaSuwayomiActivity]@0#66244 !handle z=-2147483648})
03-27 04:47:29.308  2180  2180 I SurfaceFlinger: id=66243 onLayerDestroyed from LayerHierarchyBuilder(RequestedLayerState{2bbeaf3 SurfaceView[org.vitasuwayomi.app/org.vitasuwayomi.app.VitaSuwayomiActivity]@0(BLAST)#66243 !handle})
03-27 04:47:29.308  2180  2180 I SurfaceFlinger: id=66242 onLayerDestroyed from LayerHierarchyBuilder(RequestedLayerState{2bbeaf3 SurfaceView[org.vitasuwayomi.app/org.vitasuwayomi.app.VitaSuwayomiActivity]@0#66242 !handle z=-2})
03-27 04:47:29.309  2180  2180 I Layer   : id=66247 Destroyed Background for 9aa077b SurfaceView[org.vitasuwayomi.app/org.vitasuwayomi.app.VitaSuwayomiActivity]@0#66247
03-27 04:47:29.309  2180  2180 I Layer   : id=66246 Destroyed 9aa077b SurfaceView[org.vitasuwayomi.app/org.vitasuwayomi.app.VitaSuwayomiActivity]@0(BLAST)#66246
03-27 04:47:29.309  2180  2180 I Layer   : id=66245 Destroyed 9aa077b SurfaceView[org.vitasuwayomi.app/org.vitasuwayomi.app.VitaSuwayomiActivity]@0#66245
03-27 04:47:29.309  2180  2180 I Layer   : id=66244 Destroyed Background for 2bbeaf3 SurfaceView[org.vitasuwayomi.app/org.vitasuwayomi.app.VitaSuwayomiActivity]@0#66244
03-27 04:47:29.309  2180  2180 I Layer   : id=66243 Destroyed 2bbeaf3 SurfaceView[org.vitasuwayomi.app/org.vitasuwayomi.app.VitaSuwayomiActivity]@0(BLAST)#66243
03-27 04:47:29.309  2180  2180 I Layer   : id=66242 Destroyed 2bbeaf3 SurfaceView[org.vitasuwayomi.app/org.vitasuwayomi.app.VitaSuwayomiActivity]@0#66242
03-27 04:47:29.310  2180  2939 I SurfaceFlinger: id=66233 Removed fab3839 ActivityRecordInputSink org.vitasuwayomi.app/.VitaSuwayomiActivity#66233 (222)
03-27 04:47:29.317  2180  2180 I SurfaceFlinger: [LayerHierarchy{RequestedLayerState{org.vitasuwayomi.app/org.vitasuwayomi.app.VitaSuwayomiActivity$_31383#66237} no children}] reparent to OffscreenRoot
03-27 04:47:29.317  2180  2180 I SurfaceFlinger: [LayerHierarchy{RequestedLayerState{org.vitasuwayomi.app/org.vitasuwayomi.app.VitaSuwayomiActivity$_31383#66237} no children}] RelativeParent to null
03-27 04:47:29.317  2180  2180 I SurfaceFlinger: [LayerHierarchy{RequestedLayerState{9e84180 org.vitasuwayomi.app/org.vitasuwayomi.app.VitaSuwayomiActivity#66236} no children}] reparent to OffscreenRoot
03-27 04:47:29.317  2180  2180 I SurfaceFlinger: [LayerHierarchy{RequestedLayerState{9e84180 org.vitasuwayomi.app/org.vitasuwayomi.app.VitaSuwayomiActivity#66236} no children}] RelativeParent to null
03-27 04:47:29.317  2180  2180 I SurfaceFlinger: id=66236 Removed 9e84180 org.vitasuwayomi.app/org.vitasuwayomi.app.VitaSuwayomiActivity#66236 (222)
03-27 04:47:29.317  2180  2180 I SurfaceFlinger: id=66237 Removed org.vitasuwayomi.app/org.vitasuwayomi.app.VitaSuwayomiActivity$_31383#66237 (222)
03-27 04:47:29.325  2180  2180 I SurfaceFlinger: destroyed org.vitasuwayomi.app/org.vitasuwayomi.app.VitaSuwayomiActivity$_31383#66237 form LifecycleManager
03-27 04:47:29.325  2180  2180 I SurfaceFlinger: destroyed 9e84180 org.vitasuwayomi.app/org.vitasuwayomi.app.VitaSuwayomiActivity#66236 form LifecycleManager
03-27 04:47:29.325  2180  2180 I SurfaceFlinger: [LayerHierarchy{RequestedLayerState{ActivityRecord{117075935 u0 org.vitasuwayomi.app/.VitaSuwayomiActivity t6961}#66225} 1 children}] reparent to OffscreenRoot
03-27 04:47:29.325  2180  2180 I SurfaceFlinger: [LayerHierarchy{RequestedLayerState{ActivityRecord{117075935 u0 org.vitasuwayomi.app/.VitaSuwayomiActivity t6961}#66225} 1 children}] RelativeParent to null
03-27 04:47:29.325  2180  2180 I SurfaceFlinger: id=66237 onLayerDestroyed from LayerHierarchyBuilder(RequestedLayerState{org.vitasuwayomi.app/org.vitasuwayomi.app.VitaSuwayomiActivity$_31383#66237 !handle})
03-27 04:47:29.325  2180  2180 I SurfaceFlinger: id=66236 onLayerDestroyed from LayerHierarchyBuilder(RequestedLayerState{9e84180 org.vitasuwayomi.app/org.vitasuwayomi.app.VitaSuwayomiActivity#66236 !handle})
03-27 04:47:29.325  2180  2180 I Layer   : id=66237 Destroyed org.vitasuwayomi.app/org.vitasuwayomi.app.VitaSuwayomiActivity$_31383#66237
03-27 04:47:29.325  2180  2180 I Layer   : id=66236 Destroyed 9e84180 org.vitasuwayomi.app/org.vitasuwayomi.app.VitaSuwayomiActivity#66236
03-27 04:47:29.326  2180  2180 I SurfaceFlinger: id=66225 Removed ActivityRecord{117075935 u0 org.vitasuwayomi.app/.VitaSuwayomiActivity t6961}#66225 (220)
03-27 04:47:29.333  2180  2180 I SurfaceFlinger: destroyed fab3839 ActivityRecordInputSink org.vitasuwayomi.app/.VitaSuwayomiActivity#66233 form LifecycleManager
03-27 04:47:29.333  2180  2180 I SurfaceFlinger: destroyed ActivityRecord{117075935 u0 org.vitasuwayomi.app/.VitaSuwayomiActivity t6961}#66225 form LifecycleManager
03-27 04:47:29.333  2180  2180 I SurfaceFlinger: id=66233 onLayerDestroyed from LayerHierarchyBuilder(RequestedLayerState{fab3839 ActivityRecordInputSink org.vitasuwayomi.app/.VitaSuwayomiActivity#66233 !handle z=-2147483648})
03-27 04:47:29.333  2180  2180 I SurfaceFlinger: id=66225 onLayerDestroyed from LayerHierarchyBuilder(RequestedLayerState{ActivityRecord{117075935 u0 org.vitasuwayomi.app/.VitaSuwayomiActivity t6961}#66225 !handle})
03-27 04:47:29.334  2180  2180 I Layer   : id=66233 Destroyed fab3839 ActivityRecordInputSink org.vitasuwayomi.app/.VitaSuwayomiActivity#66233
03-27 04:47:29.334  2180  2180 I Layer   : id=66225 Destroyed ActivityRecord{117075935 u0 org.vitasuwayomi.app/.VitaSuwayomiActivity t6961}#66225
03-27 04:47:30.820  3031  3121 V WindowManager: Computed rotation=ROTATION_0 (0) for display id=1 based on lastOrientation=SCREEN_ORIENTATION_UNSPECIFIED (-1) and oldRotation=ROTATION_0 (0), caller=com.android.server.wm.WindowManagerService.updateRotationUnchecked:72 com.android.server.wm.DisplayRotation$OrientationListener.onProposedRotationChanged:328 com.android.server.wm.WindowOrientationListener$OrientationSensorJudge.finalizeRotation:26 com.android.server.wm.WindowOrientationListener$OrientationSensorJudge.onSensorChanged:392 android.hardware.SystemSensorManager$SensorEventQueue.dispatchSensorEvent:1142 android.os.MessageQueue.nativePollOnce:-2 
03-27 04:47:30.820  3031  3121 V WindowManager: Computed rotation=ROTATION_0 (0) for display id=0 based on lastOrientation=SCREEN_ORIENTATION_NOSENSOR (5) and oldRotation=ROTATION_0 (0), caller=com.android.server.wm.WindowManagerService.updateRotationUnchecked:72 com.android.server.wm.DisplayRotation$OrientationListener.onProposedRotationChanged:328 com.android.server.wm.WindowOrientationListener$OrientationSensorJudge.finalizeRotation:26 com.android.server.wm.WindowOrientationListener$OrientationSensorJudge.onSensorChanged:392 android.hardware.SystemSensorManager$SensorEventQueue.dispatchSensorEvent:1142 android.os.MessageQueue.nativePollOnce:-2 
03-27 04:47:37.781  3031  3121 V WindowManager: Computed rotation=ROTATION_0 (0) for display id=1 based on lastOrientation=SCREEN_ORIENTATION_UNSPECIFIED (-1) and oldRotation=ROTATION_0 (0), caller=com.android.server.wm.WindowManagerService.updateRotationUnchecked:72 com.android.server.wm.DisplayRotation$OrientationListener.onProposedRotationChanged:328 com.android.server.wm.WindowOrientationListener$OrientationSensorJudge.finalizeRotation:26 com.android.server.wm.WindowOrientationListener$OrientationSensorJudge.onSensorChanged:392 android.hardware.SystemSensorManager$SensorEventQueue.dispatchSensorEvent:1142 android.os.MessageQueue.nativePollOnce:-2 
03-27 04:47:37.781  3031  3121 V WindowManager: Computed rotation=ROTATION_0 (0) for display id=0 based on lastOrientation=SCREEN_ORIENTATION_NOSENSOR (5) and oldRotation=ROTATION_0 (0), caller=com.android.server.wm.WindowManagerService.updateRotationUnchecked:72 com.android.server.wm.DisplayRotation$OrientationListener.onProposedRotationChanged:328 com.android.server.wm.WindowOrientationListener$OrientationSensorJudge.finalizeRotation:26 com.android.server.wm.WindowOrientationListener$OrientationSensorJudge.onSensorChanged:392 android.hardware.SystemSensorManager$SensorEventQueue.dispatchSensorEvent:1142 android.os.MessageQueue.nativePollOnce:-2 
03-27 04:47:39.238 25898 25898 W w       : 	at android.os.MessageQueue.nativePollOnce(Native Method)
03-27 04:47:40.048  3031  3121 V WindowManager: Computed rotation=ROTATION_0 (0) for display id=1 based on lastOrientation=SCREEN_ORIENTATION_UNSPECIFIED (-1) and oldRotation=ROTATION_0 (0), caller=com.android.server.wm.WindowManagerService.updateRotationUnchecked:72 com.android.server.wm.DisplayRotation$OrientationListener.onProposedRotationChanged:328 com.android.server.wm.WindowOrientationListener$OrientationSensorJudge.finalizeRotation:26 com.android.server.wm.WindowOrientationListener$OrientationSensorJudge.onSensorChanged:392 android.hardware.SystemSensorManager$SensorEventQueue.dispatchSensorEvent:1142 android.os.MessageQueue.nativePollOnce:-2 
03-27 04:47:40.048  3031  3121 V WindowManager: Computed rotation=ROTATION_0 (0) for display id=0 based on lastOrientation=SCREEN_ORIENTATION_NOSENSOR (5) and oldRotation=ROTATION_0 (0), caller=com.android.server.wm.WindowManagerService.updateRotationUnchecked:72 com.android.server.wm.DisplayRotation$OrientationListener.onProposedRotationChanged:328 com.android.server.wm.WindowOrientationListener$OrientationSensorJudge.finalizeRotation:26 com.android.server.wm.WindowOrientationListener$OrientationSensorJudge.onSensorChanged:392 android.hardware.SystemSensorManager$SensorEventQueue.dispatchSensorEvent:1142 android.os.MessageQueue.nativePollOnce:-2 
03-27 04:47:40.854  3031  3121 V WindowManager: Computed rotation=ROTATION_0 (0) for display id=1 based on lastOrientation=SCREEN_ORIENTATION_UNSPECIFIED (-1) and oldRotation=ROTATION_0 (0), caller=com.android.server.wm.WindowManagerService.updateRotationUnchecked:72 com.android.server.wm.DisplayRotation$OrientationListener.onProposedRotationChanged:328 com.android.server.wm.WindowOrientationListener$OrientationSensorJudge.finalizeRotation:26 com.android.server.wm.WindowOrientationListener$OrientationSensorJudge.onSensorChanged:392 android.hardware.SystemSensorManager$SensorEventQueue.dispatchSensorEvent:1142 android.os.MessageQueue.nativePollOnce:-2 
03-27 04:47:40.854  3031  3121 V WindowManager: Computed rotation=ROTATION_0 (0) for display id=0 based on lastOrientation=SCREEN_ORIENTATION_NOSENSOR (5) and oldRotation=ROTATION_0 (0), caller=com.android.server.wm.WindowManagerService.updateRotationUnchecked:72 com.android.server.wm.DisplayRotation$OrientationListener.onProposedRotationChanged:328 com.android.server.wm.WindowOrientationListener$OrientationSensorJudge.finalizeRotation:26 com.android.server.wm.WindowOrientationListener$OrientationSensorJudge.onSensorChanged:392 android.hardware.SystemSensorManager$SensorEventQueue.dispatchSensorEvent:1142 android.os.MessageQueue.nativePollOnce:-2 
03-27 04:47:46.293  2180  4229 I SurfaceFlinger: id=66252 Removed Surface(name=9e84180 org.vitasuwayomi.app/org.vitasuwayomi.app.VitaSuwayomiActivity)/@0x5e3f796 - animation-leash of starting_reveal#66252 (200)
03-27 04:47:46.301  2180  2180 I SurfaceFlinger: destroyed Surface(name=9e84180 org.vitasuwayomi.app/org.vitasuwayomi.app.VitaSuwayomiActivity)/@0x5e3f796 - animation-leash of starting_reveal#66252 form LifecycleManager
03-27 04:47:46.301  2180  2180 I SurfaceFlinger: id=66252 onLayerDestroyed from LayerHierarchyBuilder(RequestedLayerState{Surface(name=9e84180 org.vitasuwayomi.app/org.vitasuwayomi.app.VitaSuwayomiActivity)/@0x5e3f796 - animation-leash of starting_reveal#66252 !handle})
03-27 04:47:46.301  2180  2180 I Layer   : id=66252 Destroyed Surface(name=9e84180 org.vitasuwayomi.app/org.vitasuwayomi.app.VitaSuwayomiActivity)/@0x5e3f796 - animation-leash of starting_reveal#66252
03-27 04:47:56.787  4574 31751 V MediaPlayer-JNI: native_setup
03-27 04:47:57.033 31771 31771 D nativeloader: Load libframework-connectivity-tiramisu-jni.so using APEX ns com_android_tethering for caller /apex/com.android.tethering/javalib/framework-connectivity-t.jar: ok
03-27 04:47:57.096 31771 31771 D nativeloader: Configuring clns-shared-9 for other apk /system/priv-app/MtpApplication/MtpApplication.apk. target_sdk_version=36, uses_libraries=, library_path=/system/priv-app/MtpApplication/lib/arm64:/system/lib64:/system_ext/lib64, permitted_path=/data:/mnt/expand:/data/user/0/com.samsung.android.mtp:/system/priv-app/MtpApplication:/system/lib64:/system_ext/lib64
03-27 04:47:57.127 31771 31771 D nativeloader: Configuring clns-shared-10 for other apk /system/priv-app/MtpService/MtpService.apk. target_sdk_version=36, uses_libraries=, library_path=/system/priv-app/MtpService/lib/arm64:/system/lib64:/system_ext/lib64, permitted_path=/data:/mnt/expand:/data/user/0/com.android.mtp:/system/priv-app/MtpService:/system/lib64:/system_ext/lib64
03-27 04:47:57.164 31771 31771 D nativeloader: Configuring clns-shared-11 for other apk /system/priv-app/SecDownloadProvider/SecDownloadProvider.apk. target_sdk_version=36, uses_libraries=, library_path=/system/priv-app/SecDownloadProvider/lib/arm64:/system/lib64:/system_ext/lib64, permitted_path=/data:/mnt/expand:/data/user/0/com.android.providers.downloads:/system/priv-app/SecDownloadProvider:/system/lib64:/system_ext/lib64
03-27 04:47:57.191 31771 31771 D nativeloader: Configuring clns-shared-12 for other apk /system/priv-app/MediaProviderLegacy/MediaProviderLegacy.apk. target_sdk_version=36, uses_libraries=, library_path=/system/priv-app/MediaProviderLegacy/lib/arm64:/system/lib64:/system_ext/lib64, permitted_path=/data:/mnt/expand:/data/user/0/com.android.providers.media:/system/priv-app/MediaProviderLegacy:/system/lib64:/system_ext/lib64
03-27 04:48:01.263  3031  3139 E Watchdog: !@Sync: 5320 heap(MB): 184 / 209 native(MB): 126 FD: 1551 WaitTime: 15 ms GCcnt: 0 FullGC: 0 [2026-03-27 04:48:01.097]
03-27 04:48:02.332  4574  4617 V MediaPlayer-JNI: native_finalize
